ASxxxx Linker V02.00 + NoICE + sdld,  page 1.
Hexadecimal

Area                               Addr   Size   Decimal Bytes (Attributes)
--------------------------------   ----   ----   ------- ----- ------------
CABS                               0000   0000 =      0. bytes (ABS,CON,CODE)

      Value  Global                              Global Defined In Module
      -----  ---------------------------------   ------------------------
       0C:  0000  l_BIT_BANK                       
       0C:  0000  l_CABS                           
       0C:  0000  l_GSINIT1                        
       0C:  0000  l_GSINIT5                        
       0C:  0000  l_IABS                           
       0C:  0000  l_ISEG                           
       0C:  0000  l_PSEG                           
       0C:  0000  l_REG_BANK_1                     
       0C:  0000  l_REG_BANK_2                     
       0C:  0000  l_REG_BANK_3                     
       0C:  0000  l_RSEG                           
       0C:  0000  l_RSEG0                          
       0C:  0000  l_RSEG1                          
       0C:  0000  l_XABS                           
       0C:  0000  l_XINIT                          
       0C:  0000  l_XISEG                          
       0C:  0000  l_XSEG                           
       0C:  0000  l__CODE                          
       0C:  0000  s_BSEG                           
       0C:  0000  s_CABS                           
       0C:  0000  s_DSEG                           
       0C:  0000  s_HOME                           
       0C:  0000  s_IABS                           
       0C:  0000  s_ISEG                           
       0C:  0000  s_PSEG                           
       0C:  0000  s_REG_BANK_0                     
       0C:  0000  s_RSEG                           
       0C:  0000  s_RSEG0                          
       0C:  0000  s_RSEG1                          
       0C:  0000  s_XABS                           
       0C:  0000  s_XISEG                          
       0C:  0000  s_XSEG                           
       0C:  0001  l_BSEG                           
       0C:  0001  l_BSEG_BYTES                     
       0C:  0003  l_GSFINAL                        
       0C:  0003  l_GSINIT                         
       0C:  0003  l_GSINIT0                        
       0C:  0004  l_OSEG                           
       0C:  0008  l_HOME                           
       0C:  0008  l_REG_BANK_0                     
       0C:  0008  s_GSINIT0                        
       0C:  0008  s_REG_BANK_1                     
       0C:  0009  s_OSEG                           
       0C:  000A  l_GSINIT2                        
       0C:  000B  s_GSINIT1                        
       0C:  000B  s_GSINIT2                        
       0C:  0010  s_REG_BANK_2                     
       0C:  0015  s_GSINIT3                        
       0C:  0018  s_BIT_BANK                       
       0C:  0018  s_REG_BANK_3                     
ASxxxx Linker V02.00 + NoICE + sdld,  page 2.
Hexadecimal

Area                               Addr   Size   Decimal Bytes (Attributes)
--------------------------------   ----   ----   ------- ----- ------------
CABS                               0000   0000 =      0. bytes (ABS,CON,CODE)

      Value  Global                              Global Defined In Module
      -----  ---------------------------------   ------------------------
       0C:  001A  l_CONST                          
       0C:  0020  s_BSEG_BYTES                     
       0C:  0020  s__CODE                          
       0C:  0021  s_SSEG                           
       0C:  0022  l_GSINIT3                        
       0C:  002A  l_GSINIT4                        
       0C:  0037  s_GSINIT4                        
       0C:  0061  s_GSINIT                         
       0C:  0061  s_GSINIT5                        
       0C:  0064  s_GSFINAL                        
       0C:  0067  s_CSEG                           
       0C:  006D  l_DSEG                           
       0C:  00DF  l_SSEG                           
       0C:  0100  l_IRAM                           
       0C:  020C  l_CSEG                           
       0C:  0273  s_CONST                          
       0C:  028D  s_XINIT                          

ASxxxx Linker V02.00 + NoICE + sdld,  page 3.
Hexadecimal

Area                               Addr   Size   Decimal Bytes (Attributes)
--------------------------------   ----   ----   ------- ----- ------------
XABS                               0000   0000 =      0. bytes (ABS,CON,XDATA)

      Value  Global                              Global Defined In Module
      -----  ---------------------------------   ------------------------
ASxxxx Linker V02.00 + NoICE + sdld,  page 4.
Hexadecimal

Area                               Addr   Size   Decimal Bytes (Attributes)
--------------------------------   ----   ----   ------- ----- ------------
IABS                               0000   0000 =      0. bytes (ABS,CON)

      Value  Global                              Global Defined In Module
      -----  ---------------------------------   ------------------------
ASxxxx Linker V02.00 + NoICE + sdld,  page 5.
Hexadecimal

Area                               Addr   Size   Decimal Bytes (Attributes)
--------------------------------   ----   ----   ------- ----- ------------
RSEG1                              0000   0000 =      0. bytes (ABS,CON)

      Value  Global                              Global Defined In Module
      -----  ---------------------------------   ------------------------
ASxxxx Linker V02.00 + NoICE + sdld,  page 6.
Hexadecimal

Area                               Addr   Size   Decimal Bytes (Attributes)
--------------------------------   ----   ----   ------- ----- ------------
RSEG0                              0000   0000 =      0. bytes (ABS,CON)

      Value  Global                              Global Defined In Module
      -----  ---------------------------------   ------------------------
ASxxxx Linker V02.00 + NoICE + sdld,  page 7.
Hexadecimal

Area                               Addr   Size   Decimal Bytes (Attributes)
--------------------------------   ----   ----   ------- ----- ------------
RSEG                               0000   0000 =      0. bytes (ABS,CON)

      Value  Global                              Global Defined In Module
      -----  ---------------------------------   ------------------------
ASxxxx Linker V02.00 + NoICE + sdld,  page 8.
Hexadecimal

Area                               Addr   Size   Decimal Bytes (Attributes)
--------------------------------   ----   ----   ------- ----- ------------
.	.ABS.                            0000   0000 =      0. bytes (ABS,CON)

      Value  Global                              Global Defined In Module
      -----  ---------------------------------   ------------------------
            96959493  G$MAC0ACC$0$0                    
            96959493  _MAC0ACC                         
            0000  .__.ABS.                         
            0080  G$P0$0$0                         
            0080  G$P0_0$0$0                       
            0080  _P0                              
            0080  _P0_0                            
            0081  G$P0_1$0$0                       
            0081  G$SP$0$0                         
            0081  _P0_1                            
            0081  _SP                              
            0082  G$DPL$0$0                        
            0082  G$P0_2$0$0                       
            0082  _DPL                             
            0082  _P0_2                            
            0083  G$DPH$0$0                        
            0083  G$P0_3$0$0                       
            0083  _DPH                             
            0083  _P0_3                            
            0084  G$P0_4$0$0                       
            0084  G$SFRPAGE$0$0                    
            0084  _P0_4                            
            0084  _SFRPAGE                         
            0085  G$P0_5$0$0                       
            0085  G$SFRNEXT$0$0                    
            0085  _P0_5                            
            0085  _SFRNEXT                         
            0086  G$P0_6$0$0                       
            0086  G$SFRLAST$0$0                    
            0086  _P0_6                            
            0086  _SFRLAST                         
            0087  G$P0_7$0$0                       
            0087  G$PCON$0$0                       
            0087  _P0_7                            
            0087  _PCON                            
            0088  G$CP0HYN0$0$0                    
            0088  G$CP1HYN0$0$0                    
            0088  G$CPT0CN$0$0                     
            0088  G$CPT1CN$0$0                     
            0088  G$FLHBUSY$0$0                    
            0088  G$FLSTAT$0$0                     
            0088  G$IT0$0$0                        
            0088  G$TCON$0$0                       
            0088  _CP0HYN0                         
            0088  _CP1HYN0                         
            0088  _CPT0CN                          
            0088  _CPT1CN                          
            0088  _FLHBUSY                         
            0088  _FLSTAT                          
            0088  _IT0                             
ASxxxx Linker V02.00 + NoICE + sdld,  page 9.
Hexadecimal

Area                               Addr   Size   Decimal Bytes (Attributes)
--------------------------------   ----   ----   ------- ----- ------------
.	.ABS.                            0000   0000 =      0. bytes (ABS,CON)

      Value  Global                              Global Defined In Module
      -----  ---------------------------------   ------------------------
            0088  _TCON                            
            0089  G$CP0HYN1$0$0                    
            0089  G$CP1HYN1$0$0                    
            0089  G$CPT0MD$0$0                     
            0089  G$CPT1MD$0$0                     
            0089  G$IE0$0$0                        
            0089  G$PLL0CN$0$0                     
            0089  G$TMOD$0$0                       
            0089  _CP0HYN1                         
            0089  _CP1HYN1                         
            0089  _CPT0MD                          
            0089  _CPT1MD                          
            0089  _IE0                             
            0089  _PLL0CN                          
            0089  _TMOD                            
            008A  G$CP0HYP0$0$0                    
            008A  G$CP1HYP0$0$0                    
            008A  G$IT1$0$0                        
            008A  G$OSCICN$0$0                     
            008A  G$TL0$0$0                        
            008A  _CP0HYP0                         
            008A  _CP1HYP0                         
            008A  _IT1                             
            008A  _OSCICN                          
            008A  _TL0                             
            008B  G$CP0HYP1$0$0                    
            008B  G$CP1HYP1$0$0                    
            008B  G$IE1$0$0                        
            008B  G$OSCICL$0$0                     
            008B  G$TL1$0$0                        
            008B  _CP0HYP1                         
            008B  _CP1HYP1                         
            008B  _IE1                             
            008B  _OSCICL                          
            008B  _TL1                             
            008C  G$CP0FIF$0$0                     
            008C  G$CP1FIF$0$0                     
            008C  G$OSCXCN$0$0                     
            008C  G$TH0$0$0                        
            008C  G$TR0$0$0                        
            008C  _CP0FIF                          
            008C  _CP1FIF                          
            008C  _OSCXCN                          
            008C  _TH0                             
            008C  _TR0                             
            008D  G$CP0RIF$0$0                     
            008D  G$CP1RIF$0$0                     
            008D  G$PLL0DIV$0$0                    
            008D  G$TF0$0$0                        
            008D  G$TH1$0$0                        
            008D  _CP0RIF                          
ASxxxx Linker V02.00 + NoICE + sdld,  page 10.
Hexadecimal

Area                               Addr   Size   Decimal Bytes (Attributes)
--------------------------------   ----   ----   ------- ----- ------------
.	.ABS.                            0000   0000 =      0. bytes (ABS,CON)

      Value  Global                              Global Defined In Module
      -----  ---------------------------------   ------------------------
            008D  _CP1RIF                          
            008D  _PLL0DIV                         
            008D  _TF0                             
            008D  _TH1                             
            008E  G$CKCON$0$0                      
            008E  G$CP0OUT$0$0                     
            008E  G$CP1OUT$0$0                     
            008E  G$PLL0MUL$0$0                    
            008E  G$TR1$0$0                        
            008E  _CKCON                           
            008E  _CP0OUT                          
            008E  _CP1OUT                          
            008E  _PLL0MUL                         
            008E  _TR1                             
            008F  G$CP0EN$0$0                      
            008F  G$CP1EN$0$0                      
            008F  G$PLL0FLT$0$0                    
            008F  G$PSCTL$0$0                      
            008F  G$TF1$0$0                        
            008F  _CP0EN                           
            008F  _CP1EN                           
            008F  _PLL0FLT                         
            008F  _PSCTL                           
            008F  _TF1                             
            0090  G$P1$0$0                         
            0090  G$P1_0$0$0                       
            0090  _P1                              
            0090  _P1_0                            
            0091  G$MAC0BL$0$0                     
            0091  G$P1_1$0$0                       
            0091  G$SSTA0$0$0                      
            0091  _MAC0BL                          
            0091  _P1_1                            
            0091  _SSTA0                           
            0092  G$MAC0BH$0$0                     
            0092  G$P1_2$0$0                       
            0092  _MAC0BH                          
            0092  _P1_2                            
            0093  G$MAC0ACC0$0$0                   
            0093  G$P1_3$0$0                       
            0093  _MAC0ACC0                        
            0093  _P1_3                            
            0094  G$MAC0ACC1$0$0                   
            0094  G$P1_4$0$0                       
            0094  _MAC0ACC1                        
            0094  _P1_4                            
            0095  G$MAC0ACC2$0$0                   
            0095  G$P1_5$0$0                       
            0095  _MAC0ACC2                        
            0095  _P1_5                            
            0096  G$LED$0$0                        
ASxxxx Linker V02.00 + NoICE + sdld,  page 11.
Hexadecimal

Area                               Addr   Size   Decimal Bytes (Attributes)
--------------------------------   ----   ----   ------- ----- ------------
.	.ABS.                            0000   0000 =      0. bytes (ABS,CON)

      Value  Global                              Global Defined In Module
      -----  ---------------------------------   ------------------------
            0096  G$MAC0ACC3$0$0                   
            0096  G$P1_6$0$0                       
            0096  G$SFRPGCN$0$0                    
            0096  _LED                             
            0096  _MAC0ACC3                        
            0096  _P1_6                            
            0096  _SFRPGCN                         
            0097  G$CLKSEL$0$0                     
            0097  G$MAC0OVR$0$0                    
            0097  G$P1_7$0$0                       
            0097  _CLKSEL                          
            0097  _MAC0OVR                         
            0097  _P1_7                            
            0098  G$RI$0$0                         
            0098  G$RI0$0$0                        
            0098  G$RI1$0$0                        
            0098  G$SCON$0$0                       
            0098  G$SCON0$0$0                      
            0098  G$SCON1$0$0                      
            0098  _RI                              
            0098  _RI0                             
            0098  _RI1                             
            0098  _SCON                            
            0098  _SCON0                           
            0098  _SCON1                           
            0099  G$SBUF$0$0                       
            0099  G$SBUF0$0$0                      
            0099  G$SBUF1$0$0                      
            0099  G$TI$0$0                         
            0099  G$TI0$0$0                        
            0099  G$TI1$0$0                        
            0099  _SBUF                            
            0099  _SBUF0                           
            0099  _SBUF1                           
            0099  _TI                              
            0099  _TI0                             
            0099  _TI1                             
            009A  G$CCH0MA$0$0                     
            009A  G$RB80$0$0                       
            009A  G$RB81$0$0                       
            009A  G$SPI0CFG$0$0                    
            009A  _CCH0MA                          
            009A  _RB80                            
            009A  _RB81                            
            009A  _SPI0CFG                         
            009B  G$SPI0DAT$0$0                    
            009B  G$TB80$0$0                       
            009B  G$TB81$0$0                       
            009B  _SPI0DAT                         
            009B  _TB80                            
            009B  _TB81                            
ASxxxx Linker V02.00 + NoICE + sdld,  page 12.
Hexadecimal

Area                               Addr   Size   Decimal Bytes (Attributes)
--------------------------------   ----   ----   ------- ----- ------------
.	.ABS.                            0000   0000 =      0. bytes (ABS,CON)

      Value  Global                              Global Defined In Module
      -----  ---------------------------------   ------------------------
            009C  G$P4MDOUT$0$0                    
            009C  G$REN$0$0                        
            009C  G$REN0$0$0                       
            009C  G$REN1$0$0                       
            009C  _P4MDOUT                         
            009C  _REN                             
            009C  _REN0                            
            009C  _REN1                            
            009D  G$MCE1$0$0                       
            009D  G$P5MDOUT$0$0                    
            009D  G$SM20$0$0                       
            009D  G$SPI0CKR$0$0                    
            009D  _MCE1                            
            009D  _P5MDOUT                         
            009D  _SM20                            
            009D  _SPI0CKR                         
            009E  G$P6MDOUT$0$0                    
            009E  G$SM10$0$0                       
            009E  _P6MDOUT                         
            009E  _SM10                            
            009F  G$P7MDOUT$0$0                    
            009F  G$S1MODE$0$0                     
            009F  G$SM00$0$0                       
            009F  _P7MDOUT                         
            009F  _S1MODE                          
            009F  _SM00                            
            00A0  G$P2$0$0                         
            00A0  G$P2_0$0$0                       
            00A0  _P2                              
            00A0  _P2_0                            
            00A1  G$CCH0CN$0$0                     
            00A1  G$EMI0TC$0$0                     
            00A1  G$P2_1$0$0                       
            00A1  _CCH0CN                          
            00A1  _EMI0TC                          
            00A1  _P2_1                            
            00A2  G$CCH0TN$0$0                     
            00A2  G$EMI0CN$0$0                     
            00A2  G$P2_2$0$0                       
            00A2  G$_XPAGE$0$0                     
            00A2  _CCH0TN                          
            00A2  _EMI0CN                          
            00A2  _P2_2                            
            00A2  __XPAGE                          
            00A3  G$CCH0LC$0$0                     
            00A3  G$EMI0CF$0$0                     
            00A3  G$P2_3$0$0                       
            00A3  _CCH0LC                          
            00A3  _EMI0CF                          
            00A3  _P2_3                            
            00A4  G$P0MDOUT$0$0                    
ASxxxx Linker V02.00 + NoICE + sdld,  page 13.
Hexadecimal

Area                               Addr   Size   Decimal Bytes (Attributes)
--------------------------------   ----   ----   ------- ----- ------------
.	.ABS.                            0000   0000 =      0. bytes (ABS,CON)

      Value  Global                              Global Defined In Module
      -----  ---------------------------------   ------------------------
            00A4  G$P2_4$0$0                       
            00A4  _P0MDOUT                         
            00A4  _P2_4                            
            00A5  G$P1MDOUT$0$0                    
            00A5  G$P2_5$0$0                       
            00A5  _P1MDOUT                         
            00A5  _P2_5                            
            00A6  G$P2MDOUT$0$0                    
            00A6  G$P2_6$0$0                       
            00A6  _P2MDOUT                         
            00A6  _P2_6                            
            00A7  G$P2_7$0$0                       
            00A7  G$P3MDOUT$0$0                    
            00A7  _P2_7                            
            00A7  _P3MDOUT                         
            00A8  G$EX0$0$0                        
            00A8  G$IE$0$0                         
            00A8  _EX0                             
            00A8  _IE                              
            00A9  G$ET0$0$0                        
            00A9  G$SADDR0$0$0                     
            00A9  _ET0                             
            00A9  _SADDR0                          
            00AA  G$EX1$0$0                        
            00AA  _EX1                             
            00AB  G$ET1$0$0                        
            00AB  _ET1                             
            00AC  G$ES$0$0                         
            00AC  G$ES0$0$0                        
            00AC  _ES                              
            00AC  _ES0                             
            00AD  G$ET2$0$0                        
            00AD  G$P1MDIN$0$0                     
            00AD  _ET2                             
            00AD  _P1MDIN                          
            00AF  G$EA$0$0                         
            00AF  _EA                              
            00B0  G$P3$0$0                         
            00B0  G$P3_0$0$0                       
            00B0  _P3                              
            00B0  _P3_0                            
            00B1  G$P3_1$0$0                       
            00B1  G$PSBANK$0$0                     
            00B1  _P3_1                            
            00B1  _PSBANK                          
            00B2  G$P3_2$0$0                       
            00B2  _P3_2                            
            00B3  G$P3_3$0$0                       
            00B3  _P3_3                            
            00B4  G$P3_4$0$0                       
            00B4  _P3_4                            
ASxxxx Linker V02.00 + NoICE + sdld,  page 14.
Hexadecimal

Area                               Addr   Size   Decimal Bytes (Attributes)
--------------------------------   ----   ----   ------- ----- ------------
.	.ABS.                            0000   0000 =      0. bytes (ABS,CON)

      Value  Global                              Global Defined In Module
      -----  ---------------------------------   ------------------------
            00B5  G$P3_5$0$0                       
            00B5  _P3_5                            
            00B6  G$P3_6$0$0                       
            00B6  _P3_6                            
            00B7  G$FLACL$0$0                      
            00B7  G$FLSCL$0$0                      
            00B7  G$P3_7$0$0                       
            00B7  G$SW2$0$0                        
            00B7  _FLACL                           
            00B7  _FLSCL                           
            00B7  _P3_7                            
            00B7  _SW2                             
            00B8  G$IP$0$0                         
            00B8  G$PX0$0$0                        
            00B8  _IP                              
            00B8  _PX0                             
            00B9  G$PT0$0$0                        
            00B9  G$SADEN0$0$0                     
            00B9  _PT0                             
            00B9  _SADEN0                          
            00BA  G$AMX0CF$0$0                     
            00BA  G$AMX2CF$0$0                     
            00BA  G$PX1$0$0                        
            00BA  _AMX0CF                          
            00BA  _AMX2CF                          
            00BA  _PX1                             
            00BB  G$AMX0SL$0$0                     
            00BB  G$AMX2SL$0$0                     
            00BB  G$PT1$0$0                        
            00BB  _AMX0SL                          
            00BB  _AMX2SL                          
            00BB  _PT1                             
            00BC  G$ADC0CF$0$0                     
            00BC  G$ADC2CF$0$0                     
            00BC  G$PS$0$0                         
            00BC  G$PS0$0$0                        
            00BC  _ADC0CF                          
            00BC  _ADC2CF                          
            00BC  _PS                              
            00BC  _PS0                             
            00BD  G$PT2$0$0                        
            00BD  _PT2                             
            00BE  G$ADC0L$0$0                      
            00BE  G$ADC2$0$0                       
            00BE  _ADC0L                           
            00BE  _ADC2                            
            00BF  G$ADC0H$0$0                      
            00BF  _ADC0H                           
            00C0  G$MAC0N$0$0                      
            00C0  G$MAC0STA$0$0                    
            00C0  G$SMB0CN$0$0                     
ASxxxx Linker V02.00 + NoICE + sdld,  page 15.
Hexadecimal

Area                               Addr   Size   Decimal Bytes (Attributes)
--------------------------------   ----   ----   ------- ----- ------------
.	.ABS.                            0000   0000 =      0. bytes (ABS,CON)

      Value  Global                              Global Defined In Module
      -----  ---------------------------------   ------------------------
            00C0  G$SMBTOE$0$0                     
            00C0  _MAC0N                           
            00C0  _MAC0STA                         
            00C0  _SMB0CN                          
            00C0  _SMBTOE                          
            00C1  G$MAC0AL$0$0                     
            00C1  G$MAC0SO$0$0                     
            00C1  G$SMB0STA$0$0                    
            00C1  G$SMBFTE$0$0                     
            00C1  _MAC0AL                          
            00C1  _MAC0SO                          
            00C1  _SMB0STA                         
            00C1  _SMBFTE                          
            00C2  G$AA$0$0                         
            00C2  G$MAC0AH$0$0                     
            00C2  G$MAC0Z$0$0                      
            00C2  G$SMB0DAT$0$0                    
            00C2  _AA                              
            00C2  _MAC0AH                          
            00C2  _MAC0Z                           
            00C2  _SMB0DAT                         
            00C3  G$MAC0CF$0$0                     
            00C3  G$MAC0HO$0$0                     
            00C3  G$SI$0$0                         
            00C3  G$SMB0ADR$0$0                    
            00C3  _MAC0CF                          
            00C3  _MAC0HO                          
            00C3  _SI                              
            00C3  _SMB0ADR                         
            00C4  G$ADC0GTL$0$0                    
            00C4  G$ADC2GT$0$0                     
            00C4  G$STO$0$0                        
            00C4  _ADC0GTL                         
            00C4  _ADC2GT                          
            00C4  _STO                             
            00C5  G$ADC0GTH$0$0                    
            00C5  G$STA$0$0                        
            00C5  _ADC0GTH                         
            00C5  _STA                             
            00C6  G$ADC0LTL$0$0                    
            00C6  G$ADC2LT$0$0                     
            00C6  G$ENSMB$0$0                      
            00C6  _ADC0LTL                         
            00C6  _ADC2LT                          
            00C6  _ENSMB                           
            00C7  G$ADC0LTH$0$0                    
            00C7  G$BUSY$0$0                       
            00C7  _ADC0LTH                         
            00C7  _BUSY                            
            00C8  G$CPRL2$0$0                      
            00C8  G$CPRL3$0$0                      
ASxxxx Linker V02.00 + NoICE + sdld,  page 16.
Hexadecimal

Area                               Addr   Size   Decimal Bytes (Attributes)
--------------------------------   ----   ----   ------- ----- ------------
.	.ABS.                            0000   0000 =      0. bytes (ABS,CON)

      Value  Global                              Global Defined In Module
      -----  ---------------------------------   ------------------------
            00C8  G$CPRL4$0$0                      
            00C8  G$P4$0$0                         
            00C8  G$P4_0$0$0                       
            00C8  G$TMR2CN$0$0                     
            00C8  G$TMR3CN$0$0                     
            00C8  G$TMR4CN$0$0                     
            00C8  _CPRL2                           
            00C8  _CPRL3                           
            00C8  _CPRL4                           
            00C8  _P4                              
            00C8  _P4_0                            
            00C8  _TMR2CN                          
            00C8  _TMR3CN                          
            00C8  _TMR4CN                          
            00C9  G$AB4_SW1$0$0                    
            00C9  G$CT2$0$0                        
            00C9  G$CT3$0$0                        
            00C9  G$CT4$0$0                        
            00C9  G$P4_1$0$0                       
            00C9  G$TMR2CF$0$0                     
            00C9  G$TMR3CF$0$0                     
            00C9  G$TMR4CF$0$0                     
            00C9  _AB4_SW1                         
            00C9  _CT2                             
            00C9  _CT3                             
            00C9  _CT4                             
            00C9  _P4_1                            
            00C9  _TMR2CF                          
            00C9  _TMR3CF                          
            00C9  _TMR4CF                          
            00CA  G$AB4_SW2$0$0                    
            00CA  G$P4_2$0$0                       
            00CA  G$RCAP2L$0$0                     
            00CA  G$RCAP3L$0$0                     
            00CA  G$RCAP4L$0$0                     
            00CA  G$TR2$0$0                        
            00CA  G$TR3$0$0                        
            00CA  G$TR4$0$0                        
            00CA  _AB4_SW2                         
            00CA  _P4_2                            
            00CA  _RCAP2L                          
            00CA  _RCAP3L                          
            00CA  _RCAP4L                          
            00CA  _TR2                             
            00CA  _TR3                             
            00CA  _TR4                             
            00CB  G$AB4_LED1$0$0                   
            00CB  G$EXEN2$0$0                      
            00CB  G$EXEN3$0$0                      
            00CB  G$EXEN4$0$0                      
            00CB  G$P4_3$0$0                       
ASxxxx Linker V02.00 + NoICE + sdld,  page 17.
Hexadecimal

Area                               Addr   Size   Decimal Bytes (Attributes)
--------------------------------   ----   ----   ------- ----- ------------
.	.ABS.                            0000   0000 =      0. bytes (ABS,CON)

      Value  Global                              Global Defined In Module
      -----  ---------------------------------   ------------------------
            00CB  G$RCAP2H$0$0                     
            00CB  G$RCAP3H$0$0                     
            00CB  G$RCAP4H$0$0                     
            00CB  _AB4_LED1                        
            00CB  _EXEN2                           
            00CB  _EXEN3                           
            00CB  _EXEN4                           
            00CB  _P4_3                            
            00CB  _RCAP2H                          
            00CB  _RCAP3H                          
            00CB  _RCAP4H                          
            00CC  G$AB4_LED2$0$0                   
            00CC  G$P4_4$0$0                       
            00CC  G$TL2$0$0                        
            00CC  G$TMR2L$0$0                      
            00CC  G$TMR3L$0$0                      
            00CC  G$TMR4L$0$0                      
            00CC  _AB4_LED2                        
            00CC  _P4_4                            
            00CC  _TL2                             
            00CC  _TMR2L                           
            00CC  _TMR3L                           
            00CC  _TMR4L                           
            00CD  G$P4_5$0$0                       
            00CD  G$TH2$0$0                        
            00CD  G$TMR2H$0$0                      
            00CD  G$TMR3H$0$0                      
            00CD  G$TMR4H$0$0                      
            00CD  _P4_5                            
            00CD  _TH2                             
            00CD  _TMR2H                           
            00CD  _TMR3H                           
            00CD  _TMR4H                           
            00CE  G$EXF2$0$0                       
            00CE  G$EXF3$0$0                       
            00CE  G$EXF4$0$0                       
            00CE  G$MAC0RNDL$0$0                   
            00CE  G$P4_6$0$0                       
            00CE  _EXF2                            
            00CE  _EXF3                            
            00CE  _EXF4                            
            00CE  _MAC0RNDL                        
            00CE  _P4_6                            
            00CF  G$MAC0RNDH$0$0                   
            00CF  G$P4_7$0$0                       
            00CF  G$SMB0CR$0$0                     
            00CF  G$TF2$0$0                        
            00CF  G$TF3$0$0                        
            00CF  G$TF4$0$0                        
            00CF  _MAC0RNDH                        
            00CF  _P4_7                            
ASxxxx Linker V02.00 + NoICE + sdld,  page 18.
Hexadecimal

Area                               Addr   Size   Decimal Bytes (Attributes)
--------------------------------   ----   ----   ------- ----- ------------
.	.ABS.                            0000   0000 =      0. bytes (ABS,CON)

      Value  Global                              Global Defined In Module
      -----  ---------------------------------   ------------------------
            00CF  _SMB0CR                          
            00CF  _TF2                             
            00CF  _TF3                             
            00CF  _TF4                             
            00D0  G$P$0$0                          
            00D0  G$PSW$0$0                        
            00D0  _P                               
            00D0  _PSW                             
            00D1  G$F1$0$0                         
            00D1  G$REF0CN$0$0                     
            00D1  _F1                              
            00D1  _REF0CN                          
            00D2  G$DAC0L$0$0                      
            00D2  G$DAC1L$0$0                      
            00D2  G$OV$0$0                         
            00D2  _DAC0L                           
            00D2  _DAC1L                           
            00D2  _OV                              
            00D3  G$DAC0H$0$0                      
            00D3  G$DAC1H$0$0                      
            00D3  G$RS0$0$0                        
            00D3  _DAC0H                           
            00D3  _DAC1H                           
            00D3  _RS0                             
            00D4  G$DAC0CN$0$0                     
            00D4  G$DAC1CN$0$0                     
            00D4  G$RS1$0$0                        
            00D4  _DAC0CN                          
            00D4  _DAC1CN                          
            00D4  _RS1                             
            00D5  G$F0$0$0                         
            00D5  _F0                              
            00D6  G$AC$0$0                         
            00D6  _AC                              
            00D7  G$CY$0$0                         
            00D7  _CY                              
            00D8  G$CCF0$0$0                       
            00D8  G$P5$0$0                         
            00D8  G$P5_0$0$0                       
            00D8  G$PCA0CN$0$0                     
            00D8  _CCF0                            
            00D8  _P5                              
            00D8  _P5_0                            
            00D8  _PCA0CN                          
            00D9  G$CCF1$0$0                       
            00D9  G$P5_1$0$0                       
            00D9  G$PCA0MD$0$0                     
            00D9  _CCF1                            
            00D9  _P5_1                            
            00D9  _PCA0MD                          
            00DA  G$CCF2$0$0                       
ASxxxx Linker V02.00 + NoICE + sdld,  page 19.
Hexadecimal

Area                               Addr   Size   Decimal Bytes (Attributes)
--------------------------------   ----   ----   ------- ----- ------------
.	.ABS.                            0000   0000 =      0. bytes (ABS,CON)

      Value  Global                              Global Defined In Module
      -----  ---------------------------------   ------------------------
            00DA  G$P5_2$0$0                       
            00DA  G$PCA0CPM0$0$0                   
            00DA  _CCF2                            
            00DA  _P5_2                            
            00DA  _PCA0CPM0                        
            00DB  G$CCF3$0$0                       
            00DB  G$P5_3$0$0                       
            00DB  G$PCA0CPM1$0$0                   
            00DB  _CCF3                            
            00DB  _P5_3                            
            00DB  _PCA0CPM1                        
            00DC  G$CCF4$0$0                       
            00DC  G$P5_4$0$0                       
            00DC  G$PCA0CPM2$0$0                   
            00DC  _CCF4                            
            00DC  _P5_4                            
            00DC  _PCA0CPM2                        
            00DD  G$CCF5$0$0                       
            00DD  G$P5_5$0$0                       
            00DD  G$PCA0CPM3$0$0                   
            00DD  _CCF5                            
            00DD  _P5_5                            
            00DD  _PCA0CPM3                        
            00DE  G$CR$0$0                         
            00DE  G$P5_6$0$0                       
            00DE  G$PCA0CPM4$0$0                   
            00DE  _CR                              
            00DE  _P5_6                            
            00DE  _PCA0CPM4                        
            00DF  G$CF$0$0                         
            00DF  G$P5_7$0$0                       
            00DF  G$PCA0CPM5$0$0                   
            00DF  _CF                              
            00DF  _P5_7                            
            00DF  _PCA0CPM5                        
            00E0  G$ACC$0$0                        
            00E0  _ACC                             
            00E1  G$PCA0CPL5$0$0                   
            00E1  G$XBR0$0$0                       
            00E1  _PCA0CPL5                        
            00E1  _XBR0                            
            00E2  G$PCA0CPH5$0$0                   
            00E2  G$XBR1$0$0                       
            00E2  _PCA0CPH5                        
            00E2  _XBR1                            
            00E3  G$XBR2$0$0                       
            00E3  _XBR2                            
            00E6  G$EIE1$0$0                       
            00E6  _EIE1                            
            00E7  G$EIE2$0$0                       
            00E7  _EIE2                            
ASxxxx Linker V02.00 + NoICE + sdld,  page 20.
Hexadecimal

Area                               Addr   Size   Decimal Bytes (Attributes)
--------------------------------   ----   ----   ------- ----- ------------
.	.ABS.                            0000   0000 =      0. bytes (ABS,CON)

      Value  Global                              Global Defined In Module
      -----  ---------------------------------   ------------------------
            00E8  G$AD0LJST$0$0                    
            00E8  G$AD2WINT$0$0                    
            00E8  G$ADC0CN$0$0                     
            00E8  G$ADC2CN$0$0                     
            00E8  G$P6$0$0                         
            00E8  G$P6_0$0$0                       
            00E8  _AD0LJST                         
            00E8  _AD2WINT                         
            00E8  _ADC0CN                          
            00E8  _ADC2CN                          
            00E8  _P6                              
            00E8  _P6_0                            
            00E9  G$AD0WINT$0$0                    
            00E9  G$AD2CM0$0$0                     
            00E9  G$P6_1$0$0                       
            00E9  G$PCA0CPL2$0$0                   
            00E9  _AD0WINT                         
            00E9  _AD2CM0                          
            00E9  _P6_1                            
            00E9  _PCA0CPL2                        
            00EA  G$AD0CM0$0$0                     
            00EA  G$AD2CM1$0$0                     
            00EA  G$P6_2$0$0                       
            00EA  G$PCA0CPH2$0$0                   
            00EA  _AD0CM0                          
            00EA  _AD2CM1                          
            00EA  _P6_2                            
            00EA  _PCA0CPH2                        
            00EB  G$AD0CM1$0$0                     
            00EB  G$AD2CM2$0$0                     
            00EB  G$P6_3$0$0                       
            00EB  G$PCA0CPL3$0$0                   
            00EB  _AD0CM1                          
            00EB  _AD2CM2                          
            00EB  _P6_3                            
            00EB  _PCA0CPL3                        
            00EC  G$AD0BUSY$0$0                    
            00EC  G$AD2BUSY$0$0                    
            00EC  G$P6_4$0$0                       
            00EC  G$PCA0CPH3$0$0                   
            00EC  _AD0BUSY                         
            00EC  _AD2BUSY                         
            00EC  _P6_4                            
            00EC  _PCA0CPH3                        
            00ED  G$AD0INT$0$0                     
            00ED  G$AD2INT$0$0                     
            00ED  G$P6_5$0$0                       
            00ED  G$PCA0CPL4$0$0                   
            00ED  _AD0INT                          
            00ED  _AD2INT                          
            00ED  _P6_5                            
ASxxxx Linker V02.00 + NoICE + sdld,  page 21.
Hexadecimal

Area                               Addr   Size   Decimal Bytes (Attributes)
--------------------------------   ----   ----   ------- ----- ------------
.	.ABS.                            0000   0000 =      0. bytes (ABS,CON)

      Value  Global                              Global Defined In Module
      -----  ---------------------------------   ------------------------
            00ED  _PCA0CPL4                        
            00EE  G$AD0TM$0$0                      
            00EE  G$AD2TM$0$0                      
            00EE  G$P6_6$0$0                       
            00EE  G$PCA0CPH4$0$0                   
            00EE  _AD0TM                           
            00EE  _AD2TM                           
            00EE  _P6_6                            
            00EE  _PCA0CPH4                        
            00EF  G$AD0EN$0$0                      
            00EF  G$AD2EN$0$0                      
            00EF  G$P6_7$0$0                       
            00EF  G$RSTSRC$0$0                     
            00EF  _AD0EN                           
            00EF  _AD2EN                           
            00EF  _P6_7                            
            00EF  _RSTSRC                          
            00F0  G$B$0$0                          
            00F0  _B                               
            00F6  G$EIP1$0$0                       
            00F6  _EIP1                            
            00F7  G$EIP2$0$0                       
            00F7  _EIP2                            
            00F8  G$P7$0$0                         
            00F8  G$P7_0$0$0                       
            00F8  G$SPI0CN$0$0                     
            00F8  G$SPIEN$0$0                      
            00F8  _P7                              
            00F8  _P7_0                            
            00F8  _SPI0CN                          
            00F8  _SPIEN                           
            00F9  G$P7_1$0$0                       
            00F9  G$PCA0L$0$0                      
            00F9  G$TXBMT$0$0                      
            00F9  _P7_1                            
            00F9  _PCA0L                           
            00F9  _TXBMT                           
            00FA  G$NSSMD0$0$0                     
            00FA  G$P7_2$0$0                       
            00FA  G$PCA0H$0$0                      
            00FA  _NSSMD0                          
            00FA  _P7_2                            
            00FA  _PCA0H                           
            00FB  G$NSSMD1$0$0                     
            00FB  G$P7_3$0$0                       
            00FB  G$PCA0CPL0$0$0                   
            00FB  _NSSMD1                          
            00FB  _P7_3                            
            00FB  _PCA0CPL0                        
            00FC  G$P7_4$0$0                       
            00FC  G$PCA0CPH0$0$0                   
ASxxxx Linker V02.00 + NoICE + sdld,  page 22.
Hexadecimal

Area                               Addr   Size   Decimal Bytes (Attributes)
--------------------------------   ----   ----   ------- ----- ------------
.	.ABS.                            0000   0000 =      0. bytes (ABS,CON)

      Value  Global                              Global Defined In Module
      -----  ---------------------------------   ------------------------
            00FC  G$RXOVRN$0$0                     
            00FC  _P7_4                            
            00FC  _PCA0CPH0                        
            00FC  _RXOVRN                          
            00FD  G$MODF$0$0                       
            00FD  G$P7_5$0$0                       
            00FD  G$PCA0CPL1$0$0                   
            00FD  _MODF                            
            00FD  _P7_5                            
            00FD  _PCA0CPL1                        
            00FE  G$P7_6$0$0                       
            00FE  G$PCA0CPH1$0$0                   
            00FE  G$WCOL$0$0                       
            00FE  _P7_6                            
            00FE  _PCA0CPH1                        
            00FE  _WCOL                            
            00FF  G$P7_7$0$0                       
            00FF  G$SPIF$0$0                       
            00FF  G$WDTCN$0$0                      
            00FF  _P7_7                            
            00FF  _SPIF                            
            00FF  _WDTCN                           
            8C8A  G$TMR0$0$0                       
            8C8A  _TMR0                            
            8D8B  G$TMR1$0$0                       
            8D8B  _TMR1                            
            BFBE  G$ADC0$0$0                       
            BFBE  _ADC0                            
            C2C1  G$MAC0A$0$0                      
            C2C1  _MAC0A                           
            C5C4  G$ADC0GT$0$0                     
            C5C4  _ADC0GT                          
            C7C6  G$ADC0LT$0$0                     
            C7C6  _ADC0LT                          
            CBCA  G$RCAP2$0$0                      
            CBCA  G$RCAP3$0$0                      
            CBCA  G$RCAP4$0$0                      
            CBCA  _RCAP2                           
            CBCA  _RCAP3                           
            CBCA  _RCAP4                           
            CDCC  G$TMR2$0$0                       
            CDCC  G$TMR3$0$0                       
            CDCC  G$TMR4$0$0                       
            CDCC  _TMR2                            
            CDCC  _TMR3                            
            CDCC  _TMR4                            
            CFCE  G$MAC0RND$0$0                    
            CFCE  _MAC0RND                         
            D3D2  G$DAC0$0$0                       
            D3D2  G$DAC1$0$0                       
            D3D2  _DAC0                            
ASxxxx Linker V02.00 + NoICE + sdld,  page 23.
Hexadecimal

Area                               Addr   Size   Decimal Bytes (Attributes)
--------------------------------   ----   ----   ------- ----- ------------
.	.ABS.                            0000   0000 =      0. bytes (ABS,CON)

      Value  Global                              Global Defined In Module
      -----  ---------------------------------   ------------------------
            D3D2  _DAC1                            
            E2E1  G$PCA0CP5$0$0                    
            E2E1  _PCA0CP5                         
            EAE9  G$PCA0CP2$0$0                    
            EAE9  _PCA0CP2                         
            ECEB  G$PCA0CP3$0$0                    
            ECEB  _PCA0CP3                         
            EEED  G$PCA0CP4$0$0                    
            EEED  _PCA0CP4                         
            FAF9  G$PCA0$0$0                       
            FAF9  _PCA0                            
            FCFB  G$PCA0CP0$0$0                    
            FCFB  _PCA0CP0                         
            FEFD  G$PCA0CP1$0$0                    
            FEFD  _PCA0CP1                         

ASxxxx Linker V02.00 + NoICE + sdld,  page 24.
Hexadecimal

Area                               Addr   Size   Decimal Bytes (Attributes)
--------------------------------   ----   ----   ------- ----- ------------
BSEG_BYTES                         0020   0001 =      1. bytes (REL,CON)

      Value  Global                              Global Defined In Module
      -----  ---------------------------------   ------------------------
ASxxxx Linker V02.00 + NoICE + sdld,  page 25.
Hexadecimal

Area                               Addr   Size   Decimal Bytes (Attributes)
--------------------------------   ----   ----   ------- ----- ------------
_CODE                              0020   0000 =      0. bytes (REL,CON)

      Value  Global                              Global Defined In Module
      -----  ---------------------------------   ------------------------
ASxxxx Linker V02.00 + NoICE + sdld,  page 26.
Hexadecimal

Area                               Addr   Size   Decimal Bytes (Attributes)
--------------------------------   ----   ----   ------- ----- ------------
REG_BANK_0                         0000   0008 =      8. bytes (REL,OVR)

      Value  Global                              Global Defined In Module
      -----  ---------------------------------   ------------------------
ASxxxx Linker V02.00 + NoICE + sdld,  page 27.
Hexadecimal

Area                               Addr   Size   Decimal Bytes (Attributes)
--------------------------------   ----   ----   ------- ----- ------------
REG_BANK_1                         0008   0000 =      0. bytes (REL,OVR)

      Value  Global                              Global Defined In Module
      -----  ---------------------------------   ------------------------
ASxxxx Linker V02.00 + NoICE + sdld,  page 28.
Hexadecimal

Area                               Addr   Size   Decimal Bytes (Attributes)
--------------------------------   ----   ----   ------- ----- ------------
REG_BANK_2                         0010   0000 =      0. bytes (REL,OVR)

      Value  Global                              Global Defined In Module
      -----  ---------------------------------   ------------------------
ASxxxx Linker V02.00 + NoICE + sdld,  page 29.
Hexadecimal

Area                               Addr   Size   Decimal Bytes (Attributes)
--------------------------------   ----   ----   ------- ----- ------------
REG_BANK_3                         0018   0000 =      0. bytes (REL,OVR)

      Value  Global                              Global Defined In Module
      -----  ---------------------------------   ------------------------
ASxxxx Linker V02.00 + NoICE + sdld,  page 30.
Hexadecimal

Area                               Addr   Size   Decimal Bytes (Attributes)
--------------------------------   ----   ----   ------- ----- ------------
BSEG                               0000   0001 =      1. bytes (REL,CON,BIT)

      Value  Global                              Global Defined In Module
      -----  ---------------------------------   ------------------------
       0B:  0000  Lreinit_sysclk$EA_SAVE$1$1       

ASxxxx Linker V02.00 + NoICE + sdld,  page 31.
Hexadecimal

Area                               Addr   Size   Decimal Bytes (Attributes)
--------------------------------   ----   ----   ------- ----- ------------
BIT_BANK                           0018   0000 =      0. bytes (REL,OVR)

      Value  Global                              Global Defined In Module
      -----  ---------------------------------   ------------------------
ASxxxx Linker V02.00 + NoICE + sdld,  page 32.
Hexadecimal

Area                               Addr   Size   Decimal Bytes (Attributes)
--------------------------------   ----   ----   ------- ----- ------------
DSEG                               0000   006D =    109. bytes (REL,CON)

      Value  Global                              Global Defined In Module
      -----  ---------------------------------   ------------------------
            0008  Fhw_sysclk$_sysclk_mode$0$0      

ASxxxx Linker V02.00 + NoICE + sdld,  page 33.
Hexadecimal

Area                               Addr   Size   Decimal Bytes (Attributes)
--------------------------------   ----   ----   ------- ----- ------------
OSEG                               0009   0004 =      4. bytes (REL,OVR)

      Value  Global                              Global Defined In Module
      -----  ---------------------------------   ------------------------
            0009  Lreinit_sysclk$i$1$1             
            0009  Lwait_ms$i$2$2                   
            0009  _reinit_sysclk_i_1_1             
            0009  _wait_ms_i_2_2                   
ASxxxx Linker V02.00 + NoICE + sdld,  page 34.
Hexadecimal

Area                               Addr   Size   Decimal Bytes (Attributes)
--------------------------------   ----   ----   ------- ----- ------------
ISEG                               0000   0000 =      0. bytes (REL,CON)

      Value  Global                              Global Defined In Module
      -----  ---------------------------------   ------------------------
ASxxxx Linker V02.00 + NoICE + sdld,  page 35.
Hexadecimal

Area                               Addr   Size   Decimal Bytes (Attributes)
--------------------------------   ----   ----   ------- ----- ------------
SSEG                               0021   00DF =    223. bytes (REL,OVR)

      Value  Global                              Global Defined In Module
      -----  ---------------------------------   ------------------------
            0021  __start__stack                   

ASxxxx Linker V02.00 + NoICE + sdld,  page 36.
Hexadecimal

Area                               Addr   Size   Decimal Bytes (Attributes)
--------------------------------   ----   ----   ------- ----- ------------
PSEG                               0000   0000 =      0. bytes (REL,CON,PAG,XDATA)

      Value  Global                              Global Defined In Module
      -----  ---------------------------------   ------------------------
ASxxxx Linker V02.00 + NoICE + sdld,  page 37.
Hexadecimal

Area                               Addr   Size   Decimal Bytes (Attributes)
--------------------------------   ----   ----   ------- ----- ------------
XSEG                               0000   0000 =      0. bytes (REL,CON,XDATA)

      Value  Global                              Global Defined In Module
      -----  ---------------------------------   ------------------------
ASxxxx Linker V02.00 + NoICE + sdld,  page 38.
Hexadecimal

Area                               Addr   Size   Decimal Bytes (Attributes)
--------------------------------   ----   ----   ------- ----- ------------
XISEG                              0000   0000 =      0. bytes (REL,CON,XDATA)

      Value  Global                              Global Defined In Module
      -----  ---------------------------------   ------------------------
ASxxxx Linker V02.00 + NoICE + sdld,  page 39.
Hexadecimal

Area                               Addr   Size   Decimal Bytes (Attributes)
--------------------------------   ----   ----   ------- ----- ------------
HOME                               0000   0008 =      8. bytes (REL,CON,CODE)

      Value  Global                              Global Defined In Module
      -----  ---------------------------------   ------------------------
       0C:  0000  A$main$1259                      
       0C:  0003  A$main$1281                      
       0C:  0003  __sdcc_program_startup           
       0C:  0006  A$main$1283                      
ASxxxx Linker V02.00 + NoICE + sdld,  page 40.
Hexadecimal

Area                               Addr   Size   Decimal Bytes (Attributes)
--------------------------------   ----   ----   ------- ----- ------------
GSINIT0                            0008   0003 =      3. bytes (REL,CON,CODE)

      Value  Global                              Global Defined In Module
      -----  ---------------------------------   ------------------------
       0C:  0008  __sdcc_gsinit_startup            

ASxxxx Linker V02.00 + NoICE + sdld,  page 41.
Hexadecimal

Area                               Addr   Size   Decimal Bytes (Attributes)
--------------------------------   ----   ----   ------- ----- ------------
GSINIT1                            000B   0000 =      0. bytes (REL,CON,CODE)

      Value  Global                              Global Defined In Module
      -----  ---------------------------------   ------------------------
ASxxxx Linker V02.00 + NoICE + sdld,  page 42.
Hexadecimal

Area                               Addr   Size   Decimal Bytes (Attributes)
--------------------------------   ----   ----   ------- ----- ------------
GSINIT2                            000B   000A =     10. bytes (REL,CON,CODE)

      Value  Global                              Global Defined In Module
      -----  ---------------------------------   ------------------------
ASxxxx Linker V02.00 + NoICE + sdld,  page 43.
Hexadecimal

Area                               Addr   Size   Decimal Bytes (Attributes)
--------------------------------   ----   ----   ------- ----- ------------
GSINIT3                            0015   0022 =     34. bytes (REL,CON,CODE)

      Value  Global                              Global Defined In Module
      -----  ---------------------------------   ------------------------
       0C:  0015  __mcs51_genXINIT                 

ASxxxx Linker V02.00 + NoICE + sdld,  page 44.
Hexadecimal

Area                               Addr   Size   Decimal Bytes (Attributes)
--------------------------------   ----   ----   ------- ----- ------------
GSINIT4                            0037   002A =     42. bytes (REL,CON,CODE)

      Value  Global                              Global Defined In Module
      -----  ---------------------------------   ------------------------
       0C:  0037  __mcs51_genRAMCLEAR              
       0C:  003D  __mcs51_genXRAMCLEAR             

ASxxxx Linker V02.00 + NoICE + sdld,  page 45.
Hexadecimal

Area                               Addr   Size   Decimal Bytes (Attributes)
--------------------------------   ----   ----   ------- ----- ------------
GSINIT5                            0061   0000 =      0. bytes (REL,CON,CODE)

      Value  Global                              Global Defined In Module
      -----  ---------------------------------   ------------------------
ASxxxx Linker V02.00 + NoICE + sdld,  page 46.
Hexadecimal

Area                               Addr   Size   Decimal Bytes (Attributes)
--------------------------------   ----   ----   ------- ----- ------------
GSINIT                             0061   0003 =      3. bytes (REL,CON,CODE)

      Value  Global                              Global Defined In Module
      -----  ---------------------------------   ------------------------
       0C:  0061  A$hw_sysclk$1244                 
       0C:  0061  C$hw_sysclk.c$8$1$1              

ASxxxx Linker V02.00 + NoICE + sdld,  page 47.
Hexadecimal

Area                               Addr   Size   Decimal Bytes (Attributes)
--------------------------------   ----   ----   ------- ----- ------------
GSFINAL                            0064   0003 =      3. bytes (REL,CON,CODE)

      Value  Global                              Global Defined In Module
      -----  ---------------------------------   ------------------------
       0C:  0064  A$main$1274                      

ASxxxx Linker V02.00 + NoICE + sdld,  page 48.
Hexadecimal

Area                               Addr   Size   Decimal Bytes (Attributes)
--------------------------------   ----   ----   ------- ----- ------------
CSEG                               0067   020C =    524. bytes (REL,CON,CODE)

      Value  Global                              Global Defined In Module
      -----  ---------------------------------   ------------------------
       0C:  0067  A$main$1309                      
       0C:  0067  C$main.c$29$0$0                  
       0C:  0067  G$wait_ms$0$0                    
       0C:  0067  _wait_ms                         
       0C:  0069  A$main$1310                      
       0C:  006B  A$main$1311                      
       0C:  006D  A$main$1312                      
       0C:  006E  A$main$1316                      
       0C:  006E  C$main.c$31$1$1                  
       0C:  006F  A$main$1317                      
       0C:  0070  A$main$1318                      
       0C:  0071  A$main$1319                      
       0C:  0072  A$main$1320                      
       0C:  0074  A$main$1323                      
       0C:  0074  C$main.c$35$2$2                  
       0C:  0077  A$main$1324                      
       0C:  007A  A$main$1325                      
       0C:  007B  A$main$1326                      
       0C:  007D  A$main$1327                      
       0C:  007F  A$main$1329                      
       0C:  0080  A$main$1330                      
       0C:  0081  A$main$1331                      
       0C:  0083  A$main$1332                      
       0C:  0084  A$main$1333                      
       0C:  0086  A$main$1334                      
       0C:  0087  A$main$1335                      
       0C:  0089  A$main$1336                      
       0C:  008A  A$main$1337                      
       0C:  008C  A$main$1338                      
       0C:  008E  A$main$1339                      
       0C:  0090  A$main$1340                      
       0C:  0092  A$main$1341                      
       0C:  0095  A$main$1342                      
       0C:  0097  A$main$1343                      
       0C:  009A  A$main$1344                      
       0C:  009C  A$main$1345                      
       0C:  009F  A$main$1346                      
       0C:  00A1  A$main$1347                      
       0C:  00A3  A$main$1351                      
       0C:  00A3  C$main.c$36$2$2                  
       0C:  00A4  A$main$1352                      
       0C:  00A7  A$main$1353                      
       0C:  00A8  A$main$1354                      
       0C:  00AB  A$main$1355                      
       0C:  00AC  A$main$1356                      
       0C:  00AF  A$main$1357                      
       0C:  00B0  A$main$1358                      
       0C:  00B2  A$main$1362                      
       0C:  00B2  C$main.c$38$1$1                  
       0C:  00B2  XG$wait_ms$0$0                   
ASxxxx Linker V02.00 + NoICE + sdld,  page 49.
Hexadecimal

Area                               Addr   Size   Decimal Bytes (Attributes)
--------------------------------   ----   ----   ------- ----- ------------
CSEG                               0067   020C =    524. bytes (REL,CON,CODE)

      Value  Global                              Global Defined In Module
      -----  ---------------------------------   ------------------------
       0C:  00B3  A$main$1377                      
       0C:  00B3  C$main.c$40$1$1                  
       0C:  00B3  C$main.c$42$1$1                  
       0C:  00B3  G$main$0$0                       
       0C:  00B3  _main                            
       0C:  00B5  A$main$1380                      
       0C:  00B5  C$main.c$45$1$1                  
       0C:  00B8  A$main$1383                      
       0C:  00B8  C$main.c$46$1$1                  
       0C:  00BB  A$main$1386                      
       0C:  00BB  C$main.c$48$1$1                  
       0C:  00BE  A$main$1389                      
       0C:  00BE  C$main.c$49$1$1                  
       0C:  00C1  A$main$1392                      
       0C:  00C1  C$main.c$50$1$1                  
       0C:  00C4  A$main$1395                      
       0C:  00C4  C$main.c$51$1$1                  
       0C:  00C7  A$main$1398                      
       0C:  00C7  C$main.c$53$1$1                  
       0C:  00C9  A$main$1404                      
       0C:  00C9  C$main.c$55$1$1                  
       0C:  00C9  C$main.c$57$2$2                  
       0C:  00CB  A$main$1405                      
       0C:  00CC  A$main$1406                      
       0C:  00CD  A$main$1407                      
       0C:  00CE  A$main$1408                      
       0C:  00D0  A$main$1411                      
       0C:  00D0  C$main.c$60$3$3                  
       0C:  00D3  A$main$1412                      
       0C:  00D4  A$main$1413                      
       0C:  00D6  A$main$1414                      
       0C:  00D8  A$main$1415                      
       0C:  00DB  A$main$1416                      
       0C:  00DD  A$main$1420                      
       0C:  00DD  C$main.c$62$3$3                  
       0C:  00DF  A$main$1421                      
       0C:  00E0  A$main$1422                      
       0C:  00E1  A$main$1423                      
       0C:  00E2  A$main$1424                      
       0C:  00E4  A$main$1427                      
       0C:  00E4  C$main.c$63$3$3                  
       0C:  00E5  A$main$1430                      
       0C:  00E5  C$main.c$64$3$3                  
       0C:  00E8  A$main$1431                      
       0C:  00EA  A$main$1435                      
       0C:  00EA  C$main.c$66$3$3                  
       0C:  00EB  A$main$1436                      
       0C:  00EC  A$main$1437                      
       0C:  00ED  A$main$1438                      
       0C:  00F0  A$main$1439                      
       0C:  00F1  A$main$1440                      
ASxxxx Linker V02.00 + NoICE + sdld,  page 50.
Hexadecimal

Area                               Addr   Size   Decimal Bytes (Attributes)
--------------------------------   ----   ----   ------- ----- ------------
CSEG                               0067   020C =    524. bytes (REL,CON,CODE)

      Value  Global                              Global Defined In Module
      -----  ---------------------------------   ------------------------
       0C:  00F2  A$main$1441                      
       0C:  00F3  A$main$1442                      
       0C:  00F4  A$main$1443                      
       0C:  00F6  A$main$1444                      
       0C:  00F8  A$main$1445                      
       0C:  00FB  A$main$1446                      
       0C:  00FD  A$main$1450                      
       0C:  00FD  C$main.c$69$2$2                  
       0C:  00FF  A$main$1453                      
       0C:  00FF  C$main.c$70$2$2                  
       0C:  0102  A$main$1454                      
       0C:  0103  A$main$1455                      
       0C:  0105  A$main$1456                      
       0C:  0107  A$main$1457                      
       0C:  010A  A$main$1458                      
       0C:  010C  A$main$1461                      
       0C:  010C  C$main.c$72$1$1                  
       0C:  010C  XG$main$0$0                      
       0C:  010E  A$hw_sysclk$1275                 
       0C:  010E  C$hw_sysclk.c$12$0$0             
       0C:  010E  C$hw_sysclk.c$14$1$1             
       0C:  010E  G$get_sysclk_mode$0$0            
       0C:  010E  _get_sysclk_mode                 
       0C:  0111  A$hw_sysclk$1278                 
       0C:  0111  C$hw_sysclk.c$15$1$1             
       0C:  0111  XG$get_sysclk_mode$0$0           
       0C:  0112  A$hw_sysclk$1293                 
       0C:  0112  C$hw_sysclk.c$18$1$1             
       0C:  0112  G$reinit_sysclk$0$0              
       0C:  0112  _reinit_sysclk                   
       0C:  0114  A$hw_sysclk$1296                 
       0C:  0114  C$hw_sysclk.c$22$1$1             
       0C:  0116  A$hw_sysclk$1299                 
       0C:  0116  C$hw_sysclk.c$23$1$1             
       0C:  0118  A$hw_sysclk$1300                 
       0C:  011A  A$hw_sysclk$1303                 
       0C:  011A  C$hw_sysclk.c$25$1$1             
       0C:  011D  A$hw_sysclk$1304                 
       0C:  011E  A$hw_sysclk$1308                 
       0C:  011E  C$hw_sysclk.c$27$1$1             
       0C:  0121  A$hw_sysclk$1311                 
       0C:  0121  C$hw_sysclk.c$28$1$1             
       0C:  0123  A$hw_sysclk$1314                 
       0C:  0123  C$hw_sysclk.c$31$1$1             
       0C:  0125  A$hw_sysclk$1317                 
       0C:  0125  C$hw_sysclk.c$33$1$1             
       0C:  0127  A$hw_sysclk$1318                 
       0C:  012A  A$hw_sysclk$1320                 
       0C:  012C  A$hw_sysclk$1321                 
       0C:  012F  A$hw_sysclk$1325                 
       0C:  012F  C$hw_sysclk.c$38$2$2             
ASxxxx Linker V02.00 + NoICE + sdld,  page 51.
Hexadecimal

Area                               Addr   Size   Decimal Bytes (Attributes)
--------------------------------   ----   ----   ------- ----- ------------
CSEG                               0067   020C =    524. bytes (REL,CON,CODE)

      Value  Global                              Global Defined In Module
      -----  ---------------------------------   ------------------------
       0C:  0132  A$hw_sysclk$1328                 
       0C:  0132  C$hw_sysclk.c$40$2$2             
       0C:  0133  A$hw_sysclk$1329                 
       0C:  0135  A$hw_sysclk$1330                 
       0C:  0137  A$hw_sysclk$1332                 
       0C:  0138  A$hw_sysclk$1333                 
       0C:  013A  A$hw_sysclk$1334                 
       0C:  013C  A$hw_sysclk$1335                 
       0C:  013E  A$hw_sysclk$1336                 
       0C:  0140  A$hw_sysclk$1337                 
       0C:  0142  A$hw_sysclk$1338                 
       0C:  0144  A$hw_sysclk$1339                 
       0C:  0146  A$hw_sysclk$1340                 
       0C:  0148  A$hw_sysclk$1341                 
       0C:  014A  A$hw_sysclk$1342                 
       0C:  014B  A$hw_sysclk$1343                 
       0C:  014D  A$hw_sysclk$1344                 
       0C:  014F  A$hw_sysclk$1345                 
       0C:  0151  A$hw_sysclk$1349                 
       0C:  0151  C$hw_sysclk.c$42$2$2             
       0C:  0154  A$hw_sysclk$1352                 
       0C:  0154  C$hw_sysclk.c$43$2$2             
       0C:  0156  A$hw_sysclk$1353                 
       0C:  0159  A$hw_sysclk$1355                 
       0C:  015B  A$hw_sysclk$1358                 
       0C:  015B  C$hw_sysclk.c$46$3$3             
       0C:  015E  A$hw_sysclk$1359                 
       0C:  0160  A$hw_sysclk$1361                 
       0C:  0163  A$hw_sysclk$1362                 
       0C:  0165  A$hw_sysclk$1364                 
       0C:  0168  A$hw_sysclk$1365                 
       0C:  016A  A$hw_sysclk$1369                 
       0C:  016A  C$hw_sysclk.c$48$4$4             
       0C:  016D  A$hw_sysclk$1370                 
       0C:  016F  A$hw_sysclk$1374                 
       0C:  016F  C$hw_sysclk.c$50$4$4             
       0C:  0172  A$hw_sysclk$1379                 
       0C:  0172  C$hw_sysclk.c$52$4$4             
       0C:  0172  C$hw_sysclk.c$53$4$4             
       0C:  0174  A$hw_sysclk$1383                 
       0C:  0174  C$hw_sysclk.c$55$4$4             
       0C:  0177  A$hw_sysclk$1388                 
       0C:  0177  C$hw_sysclk.c$57$4$4             
       0C:  0177  C$hw_sysclk.c$58$4$4             
       0C:  0179  A$hw_sysclk$1392                 
       0C:  0179  C$hw_sysclk.c$60$4$4             
       0C:  017C  A$hw_sysclk$1397                 
       0C:  017C  C$hw_sysclk.c$62$4$4             
       0C:  017C  C$hw_sysclk.c$63$4$4             
       0C:  017E  A$hw_sysclk$1401                 
       0C:  017E  C$hw_sysclk.c$65$4$4             
ASxxxx Linker V02.00 + NoICE + sdld,  page 52.
Hexadecimal

Area                               Addr   Size   Decimal Bytes (Attributes)
--------------------------------   ----   ----   ------- ----- ------------
CSEG                               0067   020C =    524. bytes (REL,CON,CODE)

      Value  Global                              Global Defined In Module
      -----  ---------------------------------   ------------------------
       0C:  0181  A$hw_sysclk$1407                 
       0C:  0181  C$hw_sysclk.c$68$3$3             
       0C:  0181  C$hw_sysclk.c$70$3$3             
       0C:  0184  A$hw_sysclk$1408                 
       0C:  0186  A$hw_sysclk$1412                 
       0C:  0186  C$hw_sysclk.c$75$3$5             
       0C:  0189  A$hw_sysclk$1415                 
       0C:  0189  C$hw_sysclk.c$77$3$5             
       0C:  018C  A$hw_sysclk$1418                 
       0C:  018C  C$hw_sysclk.c$79$3$5             
       0C:  018F  A$hw_sysclk$1419                 
       0C:  0191  A$hw_sysclk$1421                 
       0C:  0194  A$hw_sysclk$1422                 
       0C:  0196  A$hw_sysclk$1426                 
       0C:  0196  C$hw_sysclk.c$81$4$6             
       0C:  0199  A$hw_sysclk$1427                 
       0C:  019B  A$hw_sysclk$1431                 
       0C:  019B  C$hw_sysclk.c$83$4$6             
       0C:  019E  A$hw_sysclk$1434                 
       0C:  019E  C$hw_sysclk.c$84$4$6             
       0C:  01A1  A$hw_sysclk$1437                 
       0C:  01A1  C$hw_sysclk.c$85$4$6             
       0C:  01A4  A$hw_sysclk$1442                 
       0C:  01A4  C$hw_sysclk.c$91$4$6             
       0C:  01A4  C$hw_sysclk.c$92$4$6             
       0C:  01A6  A$hw_sysclk$1446                 
       0C:  01A6  C$hw_sysclk.c$94$4$6             
       0C:  01A9  A$hw_sysclk$1449                 
       0C:  01A9  C$hw_sysclk.c$95$4$6             
       0C:  01AC  A$hw_sysclk$1452                 
       0C:  01AC  C$hw_sysclk.c$96$4$6             
       0C:  01AF  A$hw_sysclk$1457                 
       0C:  01AF  C$hw_sysclk.c$103$4$6            
       0C:  01AF  C$hw_sysclk.c$104$4$6            
       0C:  01B1  A$hw_sysclk$1461                 
       0C:  01B1  C$hw_sysclk.c$106$4$6            
       0C:  01B4  A$hw_sysclk$1464                 
       0C:  01B4  C$hw_sysclk.c$107$4$6            
       0C:  01B7  A$hw_sysclk$1467                 
       0C:  01B7  C$hw_sysclk.c$108$4$6            
       0C:  01BA  A$hw_sysclk$1473                 
       0C:  01BA  C$hw_sysclk.c$116$3$5            
       0C:  01BA  C$hw_sysclk.c$118$3$5            
       0C:  01BB  A$hw_sysclk$1474                 
       0C:  01BD  A$hw_sysclk$1475                 
       0C:  01BF  A$hw_sysclk$1477                 
       0C:  01C0  A$hw_sysclk$1478                 
       0C:  01C2  A$hw_sysclk$1479                 
       0C:  01C4  A$hw_sysclk$1480                 
       0C:  01C6  A$hw_sysclk$1481                 
       0C:  01C8  A$hw_sysclk$1482                 
ASxxxx Linker V02.00 + NoICE + sdld,  page 53.
Hexadecimal

Area                               Addr   Size   Decimal Bytes (Attributes)
--------------------------------   ----   ----   ------- ----- ------------
CSEG                               0067   020C =    524. bytes (REL,CON,CODE)

      Value  Global                              Global Defined In Module
      -----  ---------------------------------   ------------------------
       0C:  01CA  A$hw_sysclk$1483                 
       0C:  01CC  A$hw_sysclk$1484                 
       0C:  01CE  A$hw_sysclk$1485                 
       0C:  01D0  A$hw_sysclk$1486                 
       0C:  01D2  A$hw_sysclk$1487                 
       0C:  01D3  A$hw_sysclk$1488                 
       0C:  01D5  A$hw_sysclk$1489                 
       0C:  01D7  A$hw_sysclk$1492                 
       0C:  01D7  C$hw_sysclk.c$120$3$5            
       0C:  01D9  A$hw_sysclk$1494                 
       0C:  01DB  A$hw_sysclk$1495                 
       0C:  01DE  A$hw_sysclk$1498                 
       0C:  01DE  C$hw_sysclk.c$122$3$5            
       0C:  01E1  A$hw_sysclk$1502                 
       0C:  01E1  C$hw_sysclk.c$125$2$2            
       0C:  01E4  A$hw_sysclk$1503                 
       0C:  01E7  A$hw_sysclk$1507                 
       0C:  01E7  C$hw_sysclk.c$129$2$7            
       0C:  01EA  A$hw_sysclk$1510                 
       0C:  01EA  C$hw_sysclk.c$133$2$7            
       0C:  01EB  A$hw_sysclk$1511                 
       0C:  01ED  A$hw_sysclk$1512                 
       0C:  01EF  A$hw_sysclk$1514                 
       0C:  01F0  A$hw_sysclk$1515                 
       0C:  01F2  A$hw_sysclk$1516                 
       0C:  01F4  A$hw_sysclk$1517                 
       0C:  01F6  A$hw_sysclk$1518                 
       0C:  01F8  A$hw_sysclk$1519                 
       0C:  01FA  A$hw_sysclk$1520                 
       0C:  01FC  A$hw_sysclk$1521                 
       0C:  01FE  A$hw_sysclk$1522                 
       0C:  0200  A$hw_sysclk$1523                 
       0C:  0202  A$hw_sysclk$1524                 
       0C:  0203  A$hw_sysclk$1525                 
       0C:  0205  A$hw_sysclk$1526                 
       0C:  0207  A$hw_sysclk$1527                 
       0C:  0209  A$hw_sysclk$1531                 
       0C:  0209  C$hw_sysclk.c$134$2$7            
       0C:  020C  A$hw_sysclk$1534                 
       0C:  020C  C$hw_sysclk.c$136$3$8            
       0C:  020F  A$hw_sysclk$1535                 
       0C:  0211  A$hw_sysclk$1539                 
       0C:  0211  C$hw_sysclk.c$142$3$9            
       0C:  0214  A$hw_sysclk$1542                 
       0C:  0214  C$hw_sysclk.c$144$3$9            
       0C:  0217  A$hw_sysclk$1545                 
       0C:  0217  C$hw_sysclk.c$146$3$9            
       0C:  021A  A$hw_sysclk$1546                 
       0C:  021C  A$hw_sysclk$1548                 
       0C:  021F  A$hw_sysclk$1549                 
       0C:  0221  A$hw_sysclk$1553                 
ASxxxx Linker V02.00 + NoICE + sdld,  page 54.
Hexadecimal

Area                               Addr   Size   Decimal Bytes (Attributes)
--------------------------------   ----   ----   ------- ----- ------------
CSEG                               0067   020C =    524. bytes (REL,CON,CODE)

      Value  Global                              Global Defined In Module
      -----  ---------------------------------   ------------------------
       0C:  0221  C$hw_sysclk.c$148$4$10           
       0C:  0224  A$hw_sysclk$1554                 
       0C:  0226  A$hw_sysclk$1558                 
       0C:  0226  C$hw_sysclk.c$152$4$10           
       0C:  0229  A$hw_sysclk$1561                 
       0C:  0229  C$hw_sysclk.c$153$4$10           
       0C:  022C  A$hw_sysclk$1566                 
       0C:  022C  C$hw_sysclk.c$159$4$10           
       0C:  022C  C$hw_sysclk.c$160$4$10           
       0C:  022E  A$hw_sysclk$1570                 
       0C:  022E  C$hw_sysclk.c$164$4$10           
       0C:  0231  A$hw_sysclk$1573                 
       0C:  0231  C$hw_sysclk.c$165$4$10           
       0C:  0234  A$hw_sysclk$1578                 
       0C:  0234  C$hw_sysclk.c$170$4$10           
       0C:  0234  C$hw_sysclk.c$171$4$10           
       0C:  0236  A$hw_sysclk$1582                 
       0C:  0236  C$hw_sysclk.c$175$4$10           
       0C:  0239  A$hw_sysclk$1585                 
       0C:  0239  C$hw_sysclk.c$176$4$10           
       0C:  023C  A$hw_sysclk$1591                 
       0C:  023C  C$hw_sysclk.c$182$3$9            
       0C:  023C  C$hw_sysclk.c$184$3$9            
       0C:  023D  A$hw_sysclk$1592                 
       0C:  023F  A$hw_sysclk$1593                 
       0C:  0241  A$hw_sysclk$1595                 
       0C:  0242  A$hw_sysclk$1596                 
       0C:  0244  A$hw_sysclk$1597                 
       0C:  0246  A$hw_sysclk$1598                 
       0C:  0248  A$hw_sysclk$1599                 
       0C:  024A  A$hw_sysclk$1600                 
       0C:  024C  A$hw_sysclk$1601                 
       0C:  024E  A$hw_sysclk$1602                 
       0C:  0250  A$hw_sysclk$1603                 
       0C:  0252  A$hw_sysclk$1604                 
       0C:  0254  A$hw_sysclk$1605                 
       0C:  0255  A$hw_sysclk$1606                 
       0C:  0257  A$hw_sysclk$1607                 
       0C:  0259  A$hw_sysclk$1610                 
       0C:  0259  C$hw_sysclk.c$186$3$9            
       0C:  025B  A$hw_sysclk$1612                 
       0C:  025D  A$hw_sysclk$1613                 
       0C:  0260  A$hw_sysclk$1616                 
       0C:  0260  C$hw_sysclk.c$188$3$9            
       0C:  0263  A$hw_sysclk$1620                 
       0C:  0263  C$hw_sysclk.c$191$2$7            
       0C:  0266  A$hw_sysclk$1624                 
       0C:  0266  C$hw_sysclk.c$196$1$1            
       0C:  0268  A$hw_sysclk$1627                 
       0C:  0268  C$hw_sysclk.c$198$1$1            
       0C:  026A  A$hw_sysclk$1630                 
ASxxxx Linker V02.00 + NoICE + sdld,  page 55.
Hexadecimal

Area                               Addr   Size   Decimal Bytes (Attributes)
--------------------------------   ----   ----   ------- ----- ------------
CSEG                               0067   020C =    524. bytes (REL,CON,CODE)

      Value  Global                              Global Defined In Module
      -----  ---------------------------------   ------------------------
       0C:  026A  C$hw_sysclk.c$199$1$1            
       0C:  026C  A$hw_sysclk$1631                 
       0C:  026E  A$hw_sysclk$1634                 
       0C:  026E  C$hw_sysclk.c$200$1$1            
       0C:  026E  XG$reinit_sysclk$0$0             
       0C:  026F  __sdcc_external_startup          

ASxxxx Linker V02.00 + NoICE + sdld,  page 56.
Hexadecimal

Area                               Addr   Size   Decimal Bytes (Attributes)
--------------------------------   ----   ----   ------- ----- ------------
CONST                              0273   001A =     26. bytes (REL,CON,CODE)

      Value  Global                              Global Defined In Module
      -----  ---------------------------------   ------------------------
       0C:  0273  G$array_test_sequences$0$0       
       0C:  0273  _array_test_sequences            

ASxxxx Linker V02.00 + NoICE + sdld,  page 57.
Hexadecimal

Area                               Addr   Size   Decimal Bytes (Attributes)
--------------------------------   ----   ----   ------- ----- ------------
XINIT                              028D   0000 =      0. bytes (REL,CON,CODE)

      Value  Global                              Global Defined In Module
      -----  ---------------------------------   ------------------------
ASxxxx Linker V02.00 + NoICE + sdld,  page 58.

Files Linked                              [ module(s) ]

C:\Users\anle\Downloads\2_HOMEWORK2_STAR  [ 
C:\Users\anle\Downloads\2_HOMEWORK2_STAR  [ 


Libraries Linked                          [ object file ]

c:\Program Files (x86)\SDCC.300\bin\..\l  [ crtclear.rel ]
c:\Program Files (x86)\SDCC.300\bin\..\l  [ crtxinit.rel ]
c:\Program Files (x86)\SDCC.300\bin\..\l  [ crtxclear.rel ]
c:\Program Files (x86)\SDCC.300\bin\..\l  [ crtstart.rel ]
c:\Program Files (x86)\SDCC.300\bin\..\l  [ _startup.rel ]

ASxxxx Linker V02.00 + NoICE + sdld,  page 59.

User Base Address Definitions

HOME = 0x0000
ISEG = 0x0000
BSEG = 0x0000

