ASxxxx Linker V02.00 + NoICE + sdld,  page 1.
Hexadecimal

Area                               Addr   Size   Decimal Bytes (Attributes)
--------------------------------   ----   ----   ------- ----- ------------
CABS                               0000   0000 =      0. bytes (ABS,CON,CODE)

      Value  Global                              Global Defined In Module
      -----  ---------------------------------   ------------------------
       0C:  0000  l_BIT_BANK                       
       0C:  0000  l_CABS                           
       0C:  0000  l_GSINIT1                        
       0C:  0000  l_GSINIT5                        
       0C:  0000  l_IABS                           
       0C:  0000  l_PSEG                           
       0C:  0000  l_REG_BANK_1                     
       0C:  0000  l_REG_BANK_2                     
       0C:  0000  l_RSEG                           
       0C:  0000  l_RSEG0                          
       0C:  0000  l_RSEG1                          
       0C:  0000  l_XABS                           
       0C:  0000  l__CODE                          
       0C:  0000  s_BSEG                           
       0C:  0000  s_CABS                           
       0C:  0000  s_DSEG                           
       0C:  0000  s_HOME                           
       0C:  0000  s_IABS                           
       0C:  0000  s_ISEG                           
       0C:  0000  s_PSEG                           
       0C:  0000  s_REG_BANK_0                     
       0C:  0000  s_RSEG                           
       0C:  0000  s_RSEG0                          
       0C:  0000  s_RSEG1                          
       0C:  0000  s_XABS                           
       0C:  0000  s_XSEG                           
       0C:  0001  l_XINIT                          
       0C:  0001  l_XISEG                          
       0C:  0002  l_BSEG_BYTES                     
       0C:  0003  l_GSFINAL                        
       0C:  0003  l_GSINIT0                        
       0C:  0004  l_OSEG                           
       0C:  0006  l_ISEG                           
       0C:  0008  l_REG_BANK_0                     
       0C:  0008  l_REG_BANK_3                     
       0C:  0008  s_REG_BANK_1                     
       0C:  000A  l_GSINIT2                        
       0C:  000D  l_BSEG                           
       0C:  0010  s_REG_BANK_2                     
       0C:  0018  s_BIT_BANK                       
       0C:  0018  s_REG_BANK_3                     
       0C:  0020  s_BSEG_BYTES                     
       0C:  0020  s__CODE                          
       0C:  0022  l_GSINIT3                        
       0C:  002A  l_GSINIT4                        
       0C:  004D  l_GSINIT                         
       0C:  0055  l_CONST                          
       0C:  0071  s_OSEG                           
       0C:  007B  s_SSEG                           
       0C:  0080  l_DSEG                           
ASxxxx Linker V02.00 + NoICE + sdld,  page 2.
Hexadecimal

Area                               Addr   Size   Decimal Bytes (Attributes)
--------------------------------   ----   ----   ------- ----- ------------
CABS                               0000   0000 =      0. bytes (ABS,CON,CODE)

      Value  Global                              Global Defined In Module
      -----  ---------------------------------   ------------------------
       0C:  0085  l_SSEG                           
       0C:  008B  l_HOME                           
       0C:  008B  s_GSINIT0                        
       0C:  008E  s_GSINIT1                        
       0C:  008E  s_GSINIT2                        
       0C:  0098  s_GSINIT3                        
       0C:  00B2  l_XSEG                           
       0C:  00B2  s_XISEG                          
       0C:  00BA  s_GSINIT4                        
       0C:  00E4  s_GSINIT                         
       0C:  00E4  s_GSINIT5                        
       0C:  0100  l_IRAM                           
       0C:  0131  s_GSFINAL                        
       0C:  0134  s_CSEG                           
       0C:  11FF  l_CSEG                           
       0C:  1333  s_CONST                          
       0C:  1388  s_XINIT                          

ASxxxx Linker V02.00 + NoICE + sdld,  page 3.
Hexadecimal

Area                               Addr   Size   Decimal Bytes (Attributes)
--------------------------------   ----   ----   ------- ----- ------------
XABS                               0000   0000 =      0. bytes (ABS,CON,XDATA)

      Value  Global                              Global Defined In Module
      -----  ---------------------------------   ------------------------
ASxxxx Linker V02.00 + NoICE + sdld,  page 4.
Hexadecimal

Area                               Addr   Size   Decimal Bytes (Attributes)
--------------------------------   ----   ----   ------- ----- ------------
IABS                               0000   0000 =      0. bytes (ABS,CON)

      Value  Global                              Global Defined In Module
      -----  ---------------------------------   ------------------------
ASxxxx Linker V02.00 + NoICE + sdld,  page 5.
Hexadecimal

Area                               Addr   Size   Decimal Bytes (Attributes)
--------------------------------   ----   ----   ------- ----- ------------
RSEG1                              0000   0000 =      0. bytes (ABS,CON)

      Value  Global                              Global Defined In Module
      -----  ---------------------------------   ------------------------
ASxxxx Linker V02.00 + NoICE + sdld,  page 6.
Hexadecimal

Area                               Addr   Size   Decimal Bytes (Attributes)
--------------------------------   ----   ----   ------- ----- ------------
RSEG0                              0000   0000 =      0. bytes (ABS,CON)

      Value  Global                              Global Defined In Module
      -----  ---------------------------------   ------------------------
ASxxxx Linker V02.00 + NoICE + sdld,  page 7.
Hexadecimal

Area                               Addr   Size   Decimal Bytes (Attributes)
--------------------------------   ----   ----   ------- ----- ------------
RSEG                               0000   0000 =      0. bytes (ABS,CON)

      Value  Global                              Global Defined In Module
      -----  ---------------------------------   ------------------------
ASxxxx Linker V02.00 + NoICE + sdld,  page 8.
Hexadecimal

Area                               Addr   Size   Decimal Bytes (Attributes)
--------------------------------   ----   ----   ------- ----- ------------
.	.ABS.                            0000   0000 =      0. bytes (ABS,CON)

      Value  Global                              Global Defined In Module
      -----  ---------------------------------   ------------------------
            96959493  G$MAC0ACC$0$0                    
            96959493  _MAC0ACC                         
            0000  .__.ABS.                         
            0080  G$P0$0$0                         
            0080  G$P0_0$0$0                       
            0080  _P0                              
            0080  _P0_0                            
            0081  G$P0_1$0$0                       
            0081  G$SP$0$0                         
            0081  _P0_1                            
            0081  _SP                              
            0082  G$DPL$0$0                        
            0082  G$P0_2$0$0                       
            0082  _DPL                             
            0082  _P0_2                            
            0083  G$DPH$0$0                        
            0083  G$P0_3$0$0                       
            0083  _DPH                             
            0083  _P0_3                            
            0084  G$P0_4$0$0                       
            0084  G$SFRPAGE$0$0                    
            0084  _P0_4                            
            0084  _SFRPAGE                         
            0085  G$P0_5$0$0                       
            0085  G$SFRNEXT$0$0                    
            0085  _P0_5                            
            0085  _SFRNEXT                         
            0086  G$P0_6$0$0                       
            0086  G$SFRLAST$0$0                    
            0086  _P0_6                            
            0086  _SFRLAST                         
            0087  G$P0_7$0$0                       
            0087  G$PCON$0$0                       
            0087  _P0_7                            
            0087  _PCON                            
            0088  G$CP0HYN0$0$0                    
            0088  G$CP1HYN0$0$0                    
            0088  G$CPT0CN$0$0                     
            0088  G$CPT1CN$0$0                     
            0088  G$FLHBUSY$0$0                    
            0088  G$FLSTAT$0$0                     
            0088  G$IT0$0$0                        
            0088  G$TCON$0$0                       
            0088  _CP0HYN0                         
            0088  _CP1HYN0                         
            0088  _CPT0CN                          
            0088  _CPT1CN                          
            0088  _FLHBUSY                         
            0088  _FLSTAT                          
            0088  _IT0                             
ASxxxx Linker V02.00 + NoICE + sdld,  page 9.
Hexadecimal

Area                               Addr   Size   Decimal Bytes (Attributes)
--------------------------------   ----   ----   ------- ----- ------------
.	.ABS.                            0000   0000 =      0. bytes (ABS,CON)

      Value  Global                              Global Defined In Module
      -----  ---------------------------------   ------------------------
            0088  _TCON                            
            0089  G$CP0HYN1$0$0                    
            0089  G$CP1HYN1$0$0                    
            0089  G$CPT0MD$0$0                     
            0089  G$CPT1MD$0$0                     
            0089  G$IE0$0$0                        
            0089  G$PLL0CN$0$0                     
            0089  G$TMOD$0$0                       
            0089  _CP0HYN1                         
            0089  _CP1HYN1                         
            0089  _CPT0MD                          
            0089  _CPT1MD                          
            0089  _IE0                             
            0089  _PLL0CN                          
            0089  _TMOD                            
            008A  G$CP0HYP0$0$0                    
            008A  G$CP1HYP0$0$0                    
            008A  G$IT1$0$0                        
            008A  G$OSCICN$0$0                     
            008A  G$TL0$0$0                        
            008A  _CP0HYP0                         
            008A  _CP1HYP0                         
            008A  _IT1                             
            008A  _OSCICN                          
            008A  _TL0                             
            008B  G$CP0HYP1$0$0                    
            008B  G$CP1HYP1$0$0                    
            008B  G$IE1$0$0                        
            008B  G$OSCICL$0$0                     
            008B  G$TL1$0$0                        
            008B  _CP0HYP1                         
            008B  _CP1HYP1                         
            008B  _IE1                             
            008B  _OSCICL                          
            008B  _TL1                             
            008C  G$CP0FIF$0$0                     
            008C  G$CP1FIF$0$0                     
            008C  G$OSCXCN$0$0                     
            008C  G$TH0$0$0                        
            008C  G$TR0$0$0                        
            008C  _CP0FIF                          
            008C  _CP1FIF                          
            008C  _OSCXCN                          
            008C  _TH0                             
            008C  _TR0                             
            008D  G$CP0RIF$0$0                     
            008D  G$CP1RIF$0$0                     
            008D  G$PLL0DIV$0$0                    
            008D  G$TF0$0$0                        
            008D  G$TH1$0$0                        
            008D  _CP0RIF                          
ASxxxx Linker V02.00 + NoICE + sdld,  page 10.
Hexadecimal

Area                               Addr   Size   Decimal Bytes (Attributes)
--------------------------------   ----   ----   ------- ----- ------------
.	.ABS.                            0000   0000 =      0. bytes (ABS,CON)

      Value  Global                              Global Defined In Module
      -----  ---------------------------------   ------------------------
            008D  _CP1RIF                          
            008D  _PLL0DIV                         
            008D  _TF0                             
            008D  _TH1                             
            008E  G$CKCON$0$0                      
            008E  G$CP0OUT$0$0                     
            008E  G$CP1OUT$0$0                     
            008E  G$PLL0MUL$0$0                    
            008E  G$TR1$0$0                        
            008E  _CKCON                           
            008E  _CP0OUT                          
            008E  _CP1OUT                          
            008E  _PLL0MUL                         
            008E  _TR1                             
            008F  G$CP0EN$0$0                      
            008F  G$CP1EN$0$0                      
            008F  G$PLL0FLT$0$0                    
            008F  G$PSCTL$0$0                      
            008F  G$TF1$0$0                        
            008F  _CP0EN                           
            008F  _CP1EN                           
            008F  _PLL0FLT                         
            008F  _PSCTL                           
            008F  _TF1                             
            0090  G$P1$0$0                         
            0090  G$P1_0$0$0                       
            0090  _P1                              
            0090  _P1_0                            
            0091  G$MAC0BL$0$0                     
            0091  G$P1_1$0$0                       
            0091  G$SSTA0$0$0                      
            0091  _MAC0BL                          
            0091  _P1_1                            
            0091  _SSTA0                           
            0092  G$MAC0BH$0$0                     
            0092  G$P1_2$0$0                       
            0092  _MAC0BH                          
            0092  _P1_2                            
            0093  G$MAC0ACC0$0$0                   
            0093  G$P1_3$0$0                       
            0093  _MAC0ACC0                        
            0093  _P1_3                            
            0094  G$MAC0ACC1$0$0                   
            0094  G$P1_4$0$0                       
            0094  _MAC0ACC1                        
            0094  _P1_4                            
            0095  G$MAC0ACC2$0$0                   
            0095  G$P1_5$0$0                       
            0095  _MAC0ACC2                        
            0095  _P1_5                            
            0096  G$LED$0$0                        
ASxxxx Linker V02.00 + NoICE + sdld,  page 11.
Hexadecimal

Area                               Addr   Size   Decimal Bytes (Attributes)
--------------------------------   ----   ----   ------- ----- ------------
.	.ABS.                            0000   0000 =      0. bytes (ABS,CON)

      Value  Global                              Global Defined In Module
      -----  ---------------------------------   ------------------------
            0096  G$MAC0ACC3$0$0                   
            0096  G$P1_6$0$0                       
            0096  G$SFRPGCN$0$0                    
            0096  _LED                             
            0096  _MAC0ACC3                        
            0096  _P1_6                            
            0096  _SFRPGCN                         
            0097  G$CLKSEL$0$0                     
            0097  G$MAC0OVR$0$0                    
            0097  G$P1_7$0$0                       
            0097  _CLKSEL                          
            0097  _MAC0OVR                         
            0097  _P1_7                            
            0098  G$RI$0$0                         
            0098  G$RI0$0$0                        
            0098  G$RI1$0$0                        
            0098  G$SCON$0$0                       
            0098  G$SCON0$0$0                      
            0098  G$SCON1$0$0                      
            0098  _RI                              
            0098  _RI0                             
            0098  _RI1                             
            0098  _SCON                            
            0098  _SCON0                           
            0098  _SCON1                           
            0099  G$SBUF$0$0                       
            0099  G$SBUF0$0$0                      
            0099  G$SBUF1$0$0                      
            0099  G$TI$0$0                         
            0099  G$TI0$0$0                        
            0099  G$TI1$0$0                        
            0099  _SBUF                            
            0099  _SBUF0                           
            0099  _SBUF1                           
            0099  _TI                              
            0099  _TI0                             
            0099  _TI1                             
            009A  G$CCH0MA$0$0                     
            009A  G$RB80$0$0                       
            009A  G$RB81$0$0                       
            009A  G$SPI0CFG$0$0                    
            009A  _CCH0MA                          
            009A  _RB80                            
            009A  _RB81                            
            009A  _SPI0CFG                         
            009B  G$SPI0DAT$0$0                    
            009B  G$TB80$0$0                       
            009B  G$TB81$0$0                       
            009B  _SPI0DAT                         
            009B  _TB80                            
            009B  _TB81                            
ASxxxx Linker V02.00 + NoICE + sdld,  page 12.
Hexadecimal

Area                               Addr   Size   Decimal Bytes (Attributes)
--------------------------------   ----   ----   ------- ----- ------------
.	.ABS.                            0000   0000 =      0. bytes (ABS,CON)

      Value  Global                              Global Defined In Module
      -----  ---------------------------------   ------------------------
            009C  G$P4MDOUT$0$0                    
            009C  G$REN$0$0                        
            009C  G$REN0$0$0                       
            009C  G$REN1$0$0                       
            009C  _P4MDOUT                         
            009C  _REN                             
            009C  _REN0                            
            009C  _REN1                            
            009D  G$MCE1$0$0                       
            009D  G$P5MDOUT$0$0                    
            009D  G$SM20$0$0                       
            009D  G$SPI0CKR$0$0                    
            009D  _MCE1                            
            009D  _P5MDOUT                         
            009D  _SM20                            
            009D  _SPI0CKR                         
            009E  G$P6MDOUT$0$0                    
            009E  G$SM10$0$0                       
            009E  _P6MDOUT                         
            009E  _SM10                            
            009F  G$P7MDOUT$0$0                    
            009F  G$S1MODE$0$0                     
            009F  G$SM00$0$0                       
            009F  _P7MDOUT                         
            009F  _S1MODE                          
            009F  _SM00                            
            00A0  G$P2$0$0                         
            00A0  G$P2_0$0$0                       
            00A0  _P2                              
            00A0  _P2_0                            
            00A1  G$CCH0CN$0$0                     
            00A1  G$EMI0TC$0$0                     
            00A1  G$P2_1$0$0                       
            00A1  _CCH0CN                          
            00A1  _EMI0TC                          
            00A1  _P2_1                            
            00A2  G$CCH0TN$0$0                     
            00A2  G$EMI0CN$0$0                     
            00A2  G$P2_2$0$0                       
            00A2  G$_XPAGE$0$0                     
            00A2  _CCH0TN                          
            00A2  _EMI0CN                          
            00A2  _P2_2                            
            00A2  __XPAGE                          
            00A3  G$CCH0LC$0$0                     
            00A3  G$EMI0CF$0$0                     
            00A3  G$P2_3$0$0                       
            00A3  _CCH0LC                          
            00A3  _EMI0CF                          
            00A3  _P2_3                            
            00A4  G$P0MDOUT$0$0                    
ASxxxx Linker V02.00 + NoICE + sdld,  page 13.
Hexadecimal

Area                               Addr   Size   Decimal Bytes (Attributes)
--------------------------------   ----   ----   ------- ----- ------------
.	.ABS.                            0000   0000 =      0. bytes (ABS,CON)

      Value  Global                              Global Defined In Module
      -----  ---------------------------------   ------------------------
            00A4  G$P2_4$0$0                       
            00A4  _P0MDOUT                         
            00A4  _P2_4                            
            00A5  G$P1MDOUT$0$0                    
            00A5  G$P2_5$0$0                       
            00A5  _P1MDOUT                         
            00A5  _P2_5                            
            00A6  G$P2MDOUT$0$0                    
            00A6  G$P2_6$0$0                       
            00A6  _P2MDOUT                         
            00A6  _P2_6                            
            00A7  G$P2_7$0$0                       
            00A7  G$P3MDOUT$0$0                    
            00A7  _P2_7                            
            00A7  _P3MDOUT                         
            00A8  G$EX0$0$0                        
            00A8  G$IE$0$0                         
            00A8  _EX0                             
            00A8  _IE                              
            00A9  G$ET0$0$0                        
            00A9  G$SADDR0$0$0                     
            00A9  _ET0                             
            00A9  _SADDR0                          
            00AA  G$EX1$0$0                        
            00AA  _EX1                             
            00AB  G$ET1$0$0                        
            00AB  _ET1                             
            00AC  G$ES$0$0                         
            00AC  G$ES0$0$0                        
            00AC  _ES                              
            00AC  _ES0                             
            00AD  G$ET2$0$0                        
            00AD  G$P1MDIN$0$0                     
            00AD  _ET2                             
            00AD  _P1MDIN                          
            00AF  G$EA$0$0                         
            00AF  _EA                              
            00B0  G$P3$0$0                         
            00B0  G$P3_0$0$0                       
            00B0  G$PWMout0$0$0                    
            00B0  _P3                              
            00B0  _P3_0                            
            00B0  _PWMout0                         
            00B1  G$P3_1$0$0                       
            00B1  G$PSBANK$0$0                     
            00B1  G$PWMout1$0$0                    
            00B1  _P3_1                            
            00B1  _PSBANK                          
            00B1  _PWMout1                         
            00B2  G$P3_2$0$0                       
            00B2  G$PWMout2$0$0                    
ASxxxx Linker V02.00 + NoICE + sdld,  page 14.
Hexadecimal

Area                               Addr   Size   Decimal Bytes (Attributes)
--------------------------------   ----   ----   ------- ----- ------------
.	.ABS.                            0000   0000 =      0. bytes (ABS,CON)

      Value  Global                              Global Defined In Module
      -----  ---------------------------------   ------------------------
            00B2  _P3_2                            
            00B2  _PWMout2                         
            00B3  G$P3_3$0$0                       
            00B3  G$PWMout3$0$0                    
            00B3  _P3_3                            
            00B3  _PWMout3                         
            00B4  G$P3_4$0$0                       
            00B4  G$PWMout4$0$0                    
            00B4  _P3_4                            
            00B4  _PWMout4                         
            00B5  G$P3_5$0$0                       
            00B5  G$PWMout5$0$0                    
            00B5  _P3_5                            
            00B5  _PWMout5                         
            00B6  G$P3_6$0$0                       
            00B6  _P3_6                            
            00B7  G$FLACL$0$0                      
            00B7  G$FLSCL$0$0                      
            00B7  G$P3_7$0$0                       
            00B7  G$SW2$0$0                        
            00B7  _FLACL                           
            00B7  _FLSCL                           
            00B7  _P3_7                            
            00B7  _SW2                             
            00B8  G$IP$0$0                         
            00B8  G$PX0$0$0                        
            00B8  _IP                              
            00B8  _PX0                             
            00B9  G$PT0$0$0                        
            00B9  G$SADEN0$0$0                     
            00B9  _PT0                             
            00B9  _SADEN0                          
            00BA  G$AMX0CF$0$0                     
            00BA  G$AMX2CF$0$0                     
            00BA  G$PX1$0$0                        
            00BA  _AMX0CF                          
            00BA  _AMX2CF                          
            00BA  _PX1                             
            00BB  G$AMX0SL$0$0                     
            00BB  G$AMX2SL$0$0                     
            00BB  G$PT1$0$0                        
            00BB  _AMX0SL                          
            00BB  _AMX2SL                          
            00BB  _PT1                             
            00BC  G$ADC0CF$0$0                     
            00BC  G$ADC2CF$0$0                     
            00BC  G$PS$0$0                         
            00BC  G$PS0$0$0                        
            00BC  _ADC0CF                          
            00BC  _ADC2CF                          
            00BC  _PS                              
ASxxxx Linker V02.00 + NoICE + sdld,  page 15.
Hexadecimal

Area                               Addr   Size   Decimal Bytes (Attributes)
--------------------------------   ----   ----   ------- ----- ------------
.	.ABS.                            0000   0000 =      0. bytes (ABS,CON)

      Value  Global                              Global Defined In Module
      -----  ---------------------------------   ------------------------
            00BC  _PS0                             
            00BD  G$PT2$0$0                        
            00BD  _PT2                             
            00BE  G$ADC0L$0$0                      
            00BE  G$ADC2$0$0                       
            00BE  _ADC0L                           
            00BE  _ADC2                            
            00BF  G$ADC0H$0$0                      
            00BF  _ADC0H                           
            00C0  G$MAC0N$0$0                      
            00C0  G$MAC0STA$0$0                    
            00C0  G$SMB0CN$0$0                     
            00C0  G$SMBTOE$0$0                     
            00C0  _MAC0N                           
            00C0  _MAC0STA                         
            00C0  _SMB0CN                          
            00C0  _SMBTOE                          
            00C1  G$MAC0AL$0$0                     
            00C1  G$MAC0SO$0$0                     
            00C1  G$SMB0STA$0$0                    
            00C1  G$SMBFTE$0$0                     
            00C1  _MAC0AL                          
            00C1  _MAC0SO                          
            00C1  _SMB0STA                         
            00C1  _SMBFTE                          
            00C2  G$AA$0$0                         
            00C2  G$MAC0AH$0$0                     
            00C2  G$MAC0Z$0$0                      
            00C2  G$SMB0DAT$0$0                    
            00C2  _AA                              
            00C2  _MAC0AH                          
            00C2  _MAC0Z                           
            00C2  _SMB0DAT                         
            00C3  G$MAC0CF$0$0                     
            00C3  G$MAC0HO$0$0                     
            00C3  G$SI$0$0                         
            00C3  G$SMB0ADR$0$0                    
            00C3  _MAC0CF                          
            00C3  _MAC0HO                          
            00C3  _SI                              
            00C3  _SMB0ADR                         
            00C4  G$ADC0GTL$0$0                    
            00C4  G$ADC2GT$0$0                     
            00C4  G$STO$0$0                        
            00C4  _ADC0GTL                         
            00C4  _ADC2GT                          
            00C4  _STO                             
            00C5  G$ADC0GTH$0$0                    
            00C5  G$STA$0$0                        
            00C5  _ADC0GTH                         
            00C5  _STA                             
ASxxxx Linker V02.00 + NoICE + sdld,  page 16.
Hexadecimal

Area                               Addr   Size   Decimal Bytes (Attributes)
--------------------------------   ----   ----   ------- ----- ------------
.	.ABS.                            0000   0000 =      0. bytes (ABS,CON)

      Value  Global                              Global Defined In Module
      -----  ---------------------------------   ------------------------
            00C6  G$ADC0LTL$0$0                    
            00C6  G$ADC2LT$0$0                     
            00C6  G$ENSMB$0$0                      
            00C6  _ADC0LTL                         
            00C6  _ADC2LT                          
            00C6  _ENSMB                           
            00C7  G$ADC0LTH$0$0                    
            00C7  G$BUSY$0$0                       
            00C7  _ADC0LTH                         
            00C7  _BUSY                            
            00C8  G$CPRL2$0$0                      
            00C8  G$CPRL3$0$0                      
            00C8  G$CPRL4$0$0                      
            00C8  G$P4$0$0                         
            00C8  G$P4_0$0$0                       
            00C8  G$TMR2CN$0$0                     
            00C8  G$TMR3CN$0$0                     
            00C8  G$TMR4CN$0$0                     
            00C8  _CPRL2                           
            00C8  _CPRL3                           
            00C8  _CPRL4                           
            00C8  _P4                              
            00C8  _P4_0                            
            00C8  _TMR2CN                          
            00C8  _TMR3CN                          
            00C8  _TMR4CN                          
            00C9  G$AB4_SW1$0$0                    
            00C9  G$CT2$0$0                        
            00C9  G$CT3$0$0                        
            00C9  G$CT4$0$0                        
            00C9  G$P4_1$0$0                       
            00C9  G$TMR2CF$0$0                     
            00C9  G$TMR3CF$0$0                     
            00C9  G$TMR4CF$0$0                     
            00C9  _AB4_SW1                         
            00C9  _CT2                             
            00C9  _CT3                             
            00C9  _CT4                             
            00C9  _P4_1                            
            00C9  _TMR2CF                          
            00C9  _TMR3CF                          
            00C9  _TMR4CF                          
            00CA  G$AB4_SW2$0$0                    
            00CA  G$P4_2$0$0                       
            00CA  G$RCAP2L$0$0                     
            00CA  G$RCAP3L$0$0                     
            00CA  G$RCAP4L$0$0                     
            00CA  G$TR2$0$0                        
            00CA  G$TR3$0$0                        
            00CA  G$TR4$0$0                        
            00CA  _AB4_SW2                         
ASxxxx Linker V02.00 + NoICE + sdld,  page 17.
Hexadecimal

Area                               Addr   Size   Decimal Bytes (Attributes)
--------------------------------   ----   ----   ------- ----- ------------
.	.ABS.                            0000   0000 =      0. bytes (ABS,CON)

      Value  Global                              Global Defined In Module
      -----  ---------------------------------   ------------------------
            00CA  _P4_2                            
            00CA  _RCAP2L                          
            00CA  _RCAP3L                          
            00CA  _RCAP4L                          
            00CA  _TR2                             
            00CA  _TR3                             
            00CA  _TR4                             
            00CB  G$AB4_LED1$0$0                   
            00CB  G$EXEN2$0$0                      
            00CB  G$EXEN3$0$0                      
            00CB  G$EXEN4$0$0                      
            00CB  G$P4_3$0$0                       
            00CB  G$RCAP2H$0$0                     
            00CB  G$RCAP3H$0$0                     
            00CB  G$RCAP4H$0$0                     
            00CB  _AB4_LED1                        
            00CB  _EXEN2                           
            00CB  _EXEN3                           
            00CB  _EXEN4                           
            00CB  _P4_3                            
            00CB  _RCAP2H                          
            00CB  _RCAP3H                          
            00CB  _RCAP4H                          
            00CC  G$AB4_LED2$0$0                   
            00CC  G$P4_4$0$0                       
            00CC  G$TL2$0$0                        
            00CC  G$TMR2L$0$0                      
            00CC  G$TMR3L$0$0                      
            00CC  G$TMR4L$0$0                      
            00CC  _AB4_LED2                        
            00CC  _P4_4                            
            00CC  _TL2                             
            00CC  _TMR2L                           
            00CC  _TMR3L                           
            00CC  _TMR4L                           
            00CD  G$P4_5$0$0                       
            00CD  G$TH2$0$0                        
            00CD  G$TMR2H$0$0                      
            00CD  G$TMR3H$0$0                      
            00CD  G$TMR4H$0$0                      
            00CD  _P4_5                            
            00CD  _TH2                             
            00CD  _TMR2H                           
            00CD  _TMR3H                           
            00CD  _TMR4H                           
            00CE  G$EXF2$0$0                       
            00CE  G$EXF3$0$0                       
            00CE  G$EXF4$0$0                       
            00CE  G$MAC0RNDL$0$0                   
            00CE  G$P4_6$0$0                       
            00CE  _EXF2                            
ASxxxx Linker V02.00 + NoICE + sdld,  page 18.
Hexadecimal

Area                               Addr   Size   Decimal Bytes (Attributes)
--------------------------------   ----   ----   ------- ----- ------------
.	.ABS.                            0000   0000 =      0. bytes (ABS,CON)

      Value  Global                              Global Defined In Module
      -----  ---------------------------------   ------------------------
            00CE  _EXF3                            
            00CE  _EXF4                            
            00CE  _MAC0RNDL                        
            00CE  _P4_6                            
            00CF  G$MAC0RNDH$0$0                   
            00CF  G$P4_7$0$0                       
            00CF  G$SMB0CR$0$0                     
            00CF  G$TF2$0$0                        
            00CF  G$TF3$0$0                        
            00CF  G$TF4$0$0                        
            00CF  _MAC0RNDH                        
            00CF  _P4_7                            
            00CF  _SMB0CR                          
            00CF  _TF2                             
            00CF  _TF3                             
            00CF  _TF4                             
            00D0  G$P$0$0                          
            00D0  G$PSW$0$0                        
            00D0  _P                               
            00D0  _PSW                             
            00D1  G$F1$0$0                         
            00D1  G$REF0CN$0$0                     
            00D1  _F1                              
            00D1  _REF0CN                          
            00D2  G$DAC0L$0$0                      
            00D2  G$DAC1L$0$0                      
            00D2  G$OV$0$0                         
            00D2  _DAC0L                           
            00D2  _DAC1L                           
            00D2  _OV                              
            00D3  G$DAC0H$0$0                      
            00D3  G$DAC1H$0$0                      
            00D3  G$RS0$0$0                        
            00D3  _DAC0H                           
            00D3  _DAC1H                           
            00D3  _RS0                             
            00D4  G$DAC0CN$0$0                     
            00D4  G$DAC1CN$0$0                     
            00D4  G$RS1$0$0                        
            00D4  _DAC0CN                          
            00D4  _DAC1CN                          
            00D4  _RS1                             
            00D5  G$F0$0$0                         
            00D5  _F0                              
            00D6  G$AC$0$0                         
            00D6  _AC                              
            00D7  G$CY$0$0                         
            00D7  _CY                              
            00D8  G$CCF0$0$0                       
            00D8  G$P5$0$0                         
            00D8  G$P5_0$0$0                       
ASxxxx Linker V02.00 + NoICE + sdld,  page 19.
Hexadecimal

Area                               Addr   Size   Decimal Bytes (Attributes)
--------------------------------   ----   ----   ------- ----- ------------
.	.ABS.                            0000   0000 =      0. bytes (ABS,CON)

      Value  Global                              Global Defined In Module
      -----  ---------------------------------   ------------------------
            00D8  G$PCA0CN$0$0                     
            00D8  _CCF0                            
            00D8  _P5                              
            00D8  _P5_0                            
            00D8  _PCA0CN                          
            00D9  G$CCF1$0$0                       
            00D9  G$P5_1$0$0                       
            00D9  G$PCA0MD$0$0                     
            00D9  _CCF1                            
            00D9  _P5_1                            
            00D9  _PCA0MD                          
            00DA  G$CCF2$0$0                       
            00DA  G$P5_2$0$0                       
            00DA  G$PCA0CPM0$0$0                   
            00DA  _CCF2                            
            00DA  _P5_2                            
            00DA  _PCA0CPM0                        
            00DB  G$CCF3$0$0                       
            00DB  G$P5_3$0$0                       
            00DB  G$PCA0CPM1$0$0                   
            00DB  _CCF3                            
            00DB  _P5_3                            
            00DB  _PCA0CPM1                        
            00DC  G$CCF4$0$0                       
            00DC  G$P5_4$0$0                       
            00DC  G$PCA0CPM2$0$0                   
            00DC  _CCF4                            
            00DC  _P5_4                            
            00DC  _PCA0CPM2                        
            00DD  G$CCF5$0$0                       
            00DD  G$P5_5$0$0                       
            00DD  G$PCA0CPM3$0$0                   
            00DD  _CCF5                            
            00DD  _P5_5                            
            00DD  _PCA0CPM3                        
            00DE  G$CR$0$0                         
            00DE  G$P5_6$0$0                       
            00DE  G$PCA0CPM4$0$0                   
            00DE  _CR                              
            00DE  _P5_6                            
            00DE  _PCA0CPM4                        
            00DF  G$CF$0$0                         
            00DF  G$P5_7$0$0                       
            00DF  G$PCA0CPM5$0$0                   
            00DF  _CF                              
            00DF  _P5_7                            
            00DF  _PCA0CPM5                        
            00E0  G$ACC$0$0                        
            00E0  _ACC                             
            00E1  G$PCA0CPL5$0$0                   
            00E1  G$XBR0$0$0                       
ASxxxx Linker V02.00 + NoICE + sdld,  page 20.
Hexadecimal

Area                               Addr   Size   Decimal Bytes (Attributes)
--------------------------------   ----   ----   ------- ----- ------------
.	.ABS.                            0000   0000 =      0. bytes (ABS,CON)

      Value  Global                              Global Defined In Module
      -----  ---------------------------------   ------------------------
            00E1  _PCA0CPL5                        
            00E1  _XBR0                            
            00E2  G$PCA0CPH5$0$0                   
            00E2  G$XBR1$0$0                       
            00E2  _PCA0CPH5                        
            00E2  _XBR1                            
            00E3  G$XBR2$0$0                       
            00E3  _XBR2                            
            00E6  G$EIE1$0$0                       
            00E6  _EIE1                            
            00E7  G$EIE2$0$0                       
            00E7  _EIE2                            
            00E8  G$AD0LJST$0$0                    
            00E8  G$AD2WINT$0$0                    
            00E8  G$ADC0CN$0$0                     
            00E8  G$ADC2CN$0$0                     
            00E8  G$P6$0$0                         
            00E8  G$P6_0$0$0                       
            00E8  _AD0LJST                         
            00E8  _AD2WINT                         
            00E8  _ADC0CN                          
            00E8  _ADC2CN                          
            00E8  _P6                              
            00E8  _P6_0                            
            00E9  G$AD0WINT$0$0                    
            00E9  G$AD2CM0$0$0                     
            00E9  G$P6_1$0$0                       
            00E9  G$PCA0CPL2$0$0                   
            00E9  _AD0WINT                         
            00E9  _AD2CM0                          
            00E9  _P6_1                            
            00E9  _PCA0CPL2                        
            00EA  G$AD0CM0$0$0                     
            00EA  G$AD2CM1$0$0                     
            00EA  G$P6_2$0$0                       
            00EA  G$PCA0CPH2$0$0                   
            00EA  _AD0CM0                          
            00EA  _AD2CM1                          
            00EA  _P6_2                            
            00EA  _PCA0CPH2                        
            00EB  G$AD0CM1$0$0                     
            00EB  G$AD2CM2$0$0                     
            00EB  G$P6_3$0$0                       
            00EB  G$PCA0CPL3$0$0                   
            00EB  _AD0CM1                          
            00EB  _AD2CM2                          
            00EB  _P6_3                            
            00EB  _PCA0CPL3                        
            00EC  G$AD0BUSY$0$0                    
            00EC  G$AD2BUSY$0$0                    
            00EC  G$P6_4$0$0                       
ASxxxx Linker V02.00 + NoICE + sdld,  page 21.
Hexadecimal

Area                               Addr   Size   Decimal Bytes (Attributes)
--------------------------------   ----   ----   ------- ----- ------------
.	.ABS.                            0000   0000 =      0. bytes (ABS,CON)

      Value  Global                              Global Defined In Module
      -----  ---------------------------------   ------------------------
            00EC  G$PCA0CPH3$0$0                   
            00EC  _AD0BUSY                         
            00EC  _AD2BUSY                         
            00EC  _P6_4                            
            00EC  _PCA0CPH3                        
            00ED  G$AD0INT$0$0                     
            00ED  G$AD2INT$0$0                     
            00ED  G$P6_5$0$0                       
            00ED  G$PCA0CPL4$0$0                   
            00ED  _AD0INT                          
            00ED  _AD2INT                          
            00ED  _P6_5                            
            00ED  _PCA0CPL4                        
            00EE  G$AD0TM$0$0                      
            00EE  G$AD2TM$0$0                      
            00EE  G$P6_6$0$0                       
            00EE  G$PCA0CPH4$0$0                   
            00EE  _AD0TM                           
            00EE  _AD2TM                           
            00EE  _P6_6                            
            00EE  _PCA0CPH4                        
            00EF  G$AD0EN$0$0                      
            00EF  G$AD2EN$0$0                      
            00EF  G$P6_7$0$0                       
            00EF  G$RSTSRC$0$0                     
            00EF  _AD0EN                           
            00EF  _AD2EN                           
            00EF  _P6_7                            
            00EF  _RSTSRC                          
            00F0  G$B$0$0                          
            00F0  _B                               
            00F5  _B_5                             
            00F6  G$EIP1$0$0                       
            00F6  _B_6                             
            00F6  _EIP1                            
            00F7  G$EIP2$0$0                       
            00F7  _B_7                             
            00F7  _EIP2                            
            00F8  G$P7$0$0                         
            00F8  G$P7_0$0$0                       
            00F8  G$SPI0CN$0$0                     
            00F8  G$SPIEN$0$0                      
            00F8  _P7                              
            00F8  _P7_0                            
            00F8  _SPI0CN                          
            00F8  _SPIEN                           
            00F9  G$P7_1$0$0                       
            00F9  G$PCA0L$0$0                      
            00F9  G$TXBMT$0$0                      
            00F9  _P7_1                            
            00F9  _PCA0L                           
ASxxxx Linker V02.00 + NoICE + sdld,  page 22.
Hexadecimal

Area                               Addr   Size   Decimal Bytes (Attributes)
--------------------------------   ----   ----   ------- ----- ------------
.	.ABS.                            0000   0000 =      0. bytes (ABS,CON)

      Value  Global                              Global Defined In Module
      -----  ---------------------------------   ------------------------
            00F9  _TXBMT                           
            00FA  G$NSSMD0$0$0                     
            00FA  G$P7_2$0$0                       
            00FA  G$PCA0H$0$0                      
            00FA  _NSSMD0                          
            00FA  _P7_2                            
            00FA  _PCA0H                           
            00FB  G$NSSMD1$0$0                     
            00FB  G$P7_3$0$0                       
            00FB  G$PCA0CPL0$0$0                   
            00FB  _NSSMD1                          
            00FB  _P7_3                            
            00FB  _PCA0CPL0                        
            00FC  G$P7_4$0$0                       
            00FC  G$PCA0CPH0$0$0                   
            00FC  G$RXOVRN$0$0                     
            00FC  _P7_4                            
            00FC  _PCA0CPH0                        
            00FC  _RXOVRN                          
            00FD  G$MODF$0$0                       
            00FD  G$P7_5$0$0                       
            00FD  G$PCA0CPL1$0$0                   
            00FD  _MODF                            
            00FD  _P7_5                            
            00FD  _PCA0CPL1                        
            00FE  G$P7_6$0$0                       
            00FE  G$PCA0CPH1$0$0                   
            00FE  G$WCOL$0$0                       
            00FE  _P7_6                            
            00FE  _PCA0CPH1                        
            00FE  _WCOL                            
            00FF  G$P7_7$0$0                       
            00FF  G$SPIF$0$0                       
            00FF  G$WDTCN$0$0                      
            00FF  _P7_7                            
            00FF  _SPIF                            
            00FF  _WDTCN                           
            8C8A  G$TMR0$0$0                       
            8C8A  _TMR0                            
            8D8B  G$TMR1$0$0                       
            8D8B  _TMR1                            
            BFBE  G$ADC0$0$0                       
            BFBE  _ADC0                            
            C2C1  G$MAC0A$0$0                      
            C2C1  _MAC0A                           
            C5C4  G$ADC0GT$0$0                     
            C5C4  _ADC0GT                          
            C7C6  G$ADC0LT$0$0                     
            C7C6  _ADC0LT                          
            CBCA  G$RCAP2$0$0                      
            CBCA  G$RCAP3$0$0                      
ASxxxx Linker V02.00 + NoICE + sdld,  page 23.
Hexadecimal

Area                               Addr   Size   Decimal Bytes (Attributes)
--------------------------------   ----   ----   ------- ----- ------------
.	.ABS.                            0000   0000 =      0. bytes (ABS,CON)

      Value  Global                              Global Defined In Module
      -----  ---------------------------------   ------------------------
            CBCA  G$RCAP4$0$0                      
            CBCA  _RCAP2                           
            CBCA  _RCAP3                           
            CBCA  _RCAP4                           
            CDCC  G$TMR2$0$0                       
            CDCC  G$TMR3$0$0                       
            CDCC  G$TMR4$0$0                       
            CDCC  _TMR2                            
            CDCC  _TMR3                            
            CDCC  _TMR4                            
            CFCE  G$MAC0RND$0$0                    
            CFCE  _MAC0RND                         
            D3D2  G$DAC0$0$0                       
            D3D2  G$DAC1$0$0                       
            D3D2  _DAC0                            
            D3D2  _DAC1                            
            E2E1  G$PCA0CP5$0$0                    
            E2E1  _PCA0CP5                         
            EAE9  G$PCA0CP2$0$0                    
            EAE9  _PCA0CP2                         
            ECEB  G$PCA0CP3$0$0                    
            ECEB  _PCA0CP3                         
            EEED  G$PCA0CP4$0$0                    
            EEED  _PCA0CP4                         
            FAF9  G$PCA0$0$0                       
            FAF9  _PCA0                            
            FCFB  G$PCA0CP0$0$0                    
            FCFB  _PCA0CP0                         
            FEFD  G$PCA0CP1$0$0                    
            FEFD  _PCA0CP1                         

ASxxxx Linker V02.00 + NoICE + sdld,  page 24.
Hexadecimal

Area                               Addr   Size   Decimal Bytes (Attributes)
--------------------------------   ----   ----   ------- ----- ------------
BSEG_BYTES                         0020   0002 =      2. bytes (REL,CON)

      Value  Global                              Global Defined In Module
      -----  ---------------------------------   ------------------------
ASxxxx Linker V02.00 + NoICE + sdld,  page 25.
Hexadecimal

Area                               Addr   Size   Decimal Bytes (Attributes)
--------------------------------   ----   ----   ------- ----- ------------
_CODE                              0020   0000 =      0. bytes (REL,CON)

      Value  Global                              Global Defined In Module
      -----  ---------------------------------   ------------------------
ASxxxx Linker V02.00 + NoICE + sdld,  page 26.
Hexadecimal

Area                               Addr   Size   Decimal Bytes (Attributes)
--------------------------------   ----   ----   ------- ----- ------------
REG_BANK_0                         0000   0008 =      8. bytes (REL,OVR)

      Value  Global                              Global Defined In Module
      -----  ---------------------------------   ------------------------
ASxxxx Linker V02.00 + NoICE + sdld,  page 27.
Hexadecimal

Area                               Addr   Size   Decimal Bytes (Attributes)
--------------------------------   ----   ----   ------- ----- ------------
REG_BANK_1                         0008   0000 =      0. bytes (REL,OVR)

      Value  Global                              Global Defined In Module
      -----  ---------------------------------   ------------------------
ASxxxx Linker V02.00 + NoICE + sdld,  page 28.
Hexadecimal

Area                               Addr   Size   Decimal Bytes (Attributes)
--------------------------------   ----   ----   ------- ----- ------------
REG_BANK_2                         0010   0000 =      0. bytes (REL,OVR)

      Value  Global                              Global Defined In Module
      -----  ---------------------------------   ------------------------
ASxxxx Linker V02.00 + NoICE + sdld,  page 29.
Hexadecimal

Area                               Addr   Size   Decimal Bytes (Attributes)
--------------------------------   ----   ----   ------- ----- ------------
REG_BANK_3                         0018   0008 =      8. bytes (REL,OVR)

      Value  Global                              Global Defined In Module
      -----  ---------------------------------   ------------------------
ASxxxx Linker V02.00 + NoICE + sdld,  page 30.
Hexadecimal

Area                               Addr   Size   Decimal Bytes (Attributes)
--------------------------------   ----   ----   ------- ----- ------------
BSEG                               0000   000D =     13. bytes (REL,CON,BIT)

      Value  Global                              Global Defined In Module
      -----  ---------------------------------   ------------------------
       0B:  0000  LTimer4_PWM_SetFrequency$EA_SAVE$
       0B:  0001  LTimer4_PWM_SetOn$EA_SAVE$1$1    
       0B:  0002  LTimer4_PWM_SetDuty$EA_SAVE$1$1  

ASxxxx Linker V02.00 + NoICE + sdld,  page 31.
Hexadecimal

Area                               Addr   Size   Decimal Bytes (Attributes)
--------------------------------   ----   ----   ------- ----- ------------
BIT_BANK                           0018   0000 =      0. bytes (REL,OVR)

      Value  Global                              Global Defined In Module
      -----  ---------------------------------   ------------------------
ASxxxx Linker V02.00 + NoICE + sdld,  page 32.
Hexadecimal

Area                               Addr   Size   Decimal Bytes (Attributes)
--------------------------------   ----   ----   ------- ----- ------------
DSEG                               0000   0080 =    128. bytes (REL,CON)

      Value  Global                              Global Defined In Module
      -----  ---------------------------------   ------------------------
            0008  Lmain$new_buffer$1$1             
            0009  Lmain$prev_buffer$1$1            
            000A  Lmain$total_avg$3$7              
            000E  LUART_gets$len$1$1               
            000E  _UART_gets_PARM_2                
            0010  LUART_gets_noecho$len$1$1        
            0010  _UART_gets_noecho_PARM_2         
            0012  LUART_write$len$1$1              
            0012  _UART_write_PARM_2               
            0014  LUART_read$len$1$1               
            0014  _UART_read_PARM_2                
            0016  Lgets_safe$n$1$1                 
            0016  _gets_safe_PARM_2                
            0022  LADC0_DACs_Timer3_Init$rate$1$1  
            0022  _ADC0_DACs_Timer3_Init_PARM_2    
            0026  LADC0_DACs_Timer3_Init$SFRPAGE_SA
            0027  G$sampling$0$0                   
            0027  _sampling                        
            0029  G$frequency$0$0                  
            0029  _frequency                       
            002B  G$phase_add$0$0                  
            002B  _phase_add                       
            002D  G$output_waveform$0$0            
            002D  _output_waveform                 
            0033  G$dutycount$0$0                  
            0033  _dutycount                       
            003F  LTimer4_PWM_Init$rate$1$1        
            003F  _Timer4_PWM_Init_PARM_2          
            0043  LTimer4_PWM_Init$SFRPAGE_SAVE$1$1
            0044  LTimer4_PWM_SetDuty$newduty$1$1  
            0044  _Timer4_PWM_SetDuty_PARM_2       
            0045  LTimer4_PWM_ISR$phase_acc$1$1    
            0047  LUART_Init$baudrate$1$1          
            0047  _UART_Init_PARM_2                
            004B  LUART_Init$sysclk$1$1            
            004F  LUART_Init$SFRPAGE_SAVE$1$1      
            0050  _vsprintf_PARM_2                 
            0053  _vsprintf_PARM_3                 
            0057  _bp                              
            0064  __print_format_PARM_2            
            0067  __print_format_PARM_3            
            006A  __print_format_PARM_4            

ASxxxx Linker V02.00 + NoICE + sdld,  page 33.
Hexadecimal

Area                               Addr   Size   Decimal Bytes (Attributes)
--------------------------------   ----   ----   ------- ----- ------------
OSEG                               0071   0004 =      4. bytes (REL,OVR)

      Value  Global                              Global Defined In Module
      -----  ---------------------------------   ------------------------
            0071  LSYSCLK_Init$i$1$1               
            0071  LTimer4_PWM_SetOn$newstate$1$1   
            0071  LsetNextOutput$value$1$1         
            0071  _SYSCLK_Init_i_1_1               
            0071  _Timer4_PWM_SetOn_PARM_2         
            0071  __divsint_PARM_2                 
            0071  __divslong_PARM_2                
            0071  __divuint_PARM_2                 
            0071  __divulong_PARM_2                
            0071  __gptrput_PARM_2                 
            0071  __mullong_PARM_2                 
            0071  _calculate_digit_radix_1_1       
            0071  _setNextOutput_PARM_2            
            0072  _calculate_digit_i_1_1           

ASxxxx Linker V02.00 + NoICE + sdld,  page 34.
Hexadecimal

Area                               Addr   Size   Decimal Bytes (Attributes)
--------------------------------   ----   ----   ------- ----- ------------
ISEG                               0000   0006 =      6. bytes (REL,CON)

      Value  Global                              Global Defined In Module
      -----  ---------------------------------   ------------------------
ASxxxx Linker V02.00 + NoICE + sdld,  page 35.
Hexadecimal

Area                               Addr   Size   Decimal Bytes (Attributes)
--------------------------------   ----   ----   ------- ----- ------------
SSEG                               007B   0085 =    133. bytes (REL,OVR)

      Value  Global                              Global Defined In Module
      -----  ---------------------------------   ------------------------
            007B  __start__stack                   

ASxxxx Linker V02.00 + NoICE + sdld,  page 36.
Hexadecimal

Area                               Addr   Size   Decimal Bytes (Attributes)
--------------------------------   ----   ----   ------- ----- ------------
PSEG                               0000   0000 =      0. bytes (REL,CON,PAG,XDATA)

      Value  Global                              Global Defined In Module
      -----  ---------------------------------   ------------------------
ASxxxx Linker V02.00 + NoICE + sdld,  page 37.
Hexadecimal

Area                               Addr   Size   Decimal Bytes (Attributes)
--------------------------------   ----   ----   ------- ----- ------------
XSEG                               0000   00B2 =    178. bytes (REL,CON,XDATA)

      Value  Global                              Global Defined In Module
      -----  ---------------------------------   ------------------------
       0D:  0000  Lmain$datum$1$1                  
       0D:  003C  Lmain$Buffer$3$7                 
       0D:  00A0  Fadc0ctrl8$input$0$0             

ASxxxx Linker V02.00 + NoICE + sdld,  page 38.
Hexadecimal

Area                               Addr   Size   Decimal Bytes (Attributes)
--------------------------------   ----   ----   ------- ----- ------------
XISEG                              00B2   0001 =      1. bytes (REL,CON,XDATA)

      Value  Global                              Global Defined In Module
      -----  ---------------------------------   ------------------------
       0D:  00B2  Fadc0ctrl8$timing$0$0            

ASxxxx Linker V02.00 + NoICE + sdld,  page 39.
Hexadecimal

Area                               Addr   Size   Decimal Bytes (Attributes)
--------------------------------   ----   ----   ------- ----- ------------
HOME                               0000   008B =    139. bytes (REL,CON,CODE)

      Value  Global                              Global Defined In Module
      -----  ---------------------------------   ------------------------
       0C:  0000  A$main$1269                      
       0C:  0003  A$main$1270                      
       0C:  000B  A$main$1272                      
       0C:  0013  A$main$1274                      
       0C:  001B  A$main$1276                      
       0C:  0023  A$main$1278                      
       0C:  002B  A$main$1280                      
       0C:  0033  A$main$1282                      
       0C:  003B  A$main$1284                      
       0C:  0043  A$main$1286                      
       0C:  004B  A$main$1288                      
       0C:  0053  A$main$1290                      
       0C:  005B  A$main$1292                      
       0C:  0063  A$main$1294                      
       0C:  006B  A$main$1296                      
       0C:  0073  A$main$1298                      
       0C:  007B  A$main$1300                      
       0C:  0083  A$main$1302                      
       0C:  0086  A$main$1324                      
       0C:  0086  __sdcc_program_startup           
       0C:  0089  A$main$1326                      

ASxxxx Linker V02.00 + NoICE + sdld,  page 40.
Hexadecimal

Area                               Addr   Size   Decimal Bytes (Attributes)
--------------------------------   ----   ----   ------- ----- ------------
GSINIT0                            008B   0003 =      3. bytes (REL,CON,CODE)

      Value  Global                              Global Defined In Module
      -----  ---------------------------------   ------------------------
       0C:  008B  __sdcc_gsinit_startup            

ASxxxx Linker V02.00 + NoICE + sdld,  page 41.
Hexadecimal

Area                               Addr   Size   Decimal Bytes (Attributes)
--------------------------------   ----   ----   ------- ----- ------------
GSINIT1                            008E   0000 =      0. bytes (REL,CON,CODE)

      Value  Global                              Global Defined In Module
      -----  ---------------------------------   ------------------------
ASxxxx Linker V02.00 + NoICE + sdld,  page 42.
Hexadecimal

Area                               Addr   Size   Decimal Bytes (Attributes)
--------------------------------   ----   ----   ------- ----- ------------
GSINIT2                            008E   000A =     10. bytes (REL,CON,CODE)

      Value  Global                              Global Defined In Module
      -----  ---------------------------------   ------------------------
ASxxxx Linker V02.00 + NoICE + sdld,  page 43.
Hexadecimal

Area                               Addr   Size   Decimal Bytes (Attributes)
--------------------------------   ----   ----   ------- ----- ------------
GSINIT3                            0098   0022 =     34. bytes (REL,CON,CODE)

      Value  Global                              Global Defined In Module
      -----  ---------------------------------   ------------------------
       0C:  0098  __mcs51_genXINIT                 

ASxxxx Linker V02.00 + NoICE + sdld,  page 44.
Hexadecimal

Area                               Addr   Size   Decimal Bytes (Attributes)
--------------------------------   ----   ----   ------- ----- ------------
GSINIT4                            00BA   002A =     42. bytes (REL,CON,CODE)

      Value  Global                              Global Defined In Module
      -----  ---------------------------------   ------------------------
       0C:  00BA  __mcs51_genRAMCLEAR              
       0C:  00C0  __mcs51_genXRAMCLEAR             

ASxxxx Linker V02.00 + NoICE + sdld,  page 45.
Hexadecimal

Area                               Addr   Size   Decimal Bytes (Attributes)
--------------------------------   ----   ----   ------- ----- ------------
GSINIT5                            00E4   0000 =      0. bytes (REL,CON,CODE)

      Value  Global                              Global Defined In Module
      -----  ---------------------------------   ------------------------
ASxxxx Linker V02.00 + NoICE + sdld,  page 46.
Hexadecimal

Area                               Addr   Size   Decimal Bytes (Attributes)
--------------------------------   ----   ----   ------- ----- ------------
GSINIT                             00E4   004D =     77. bytes (REL,CON,CODE)

      Value  Global                              Global Defined In Module
      -----  ---------------------------------   ------------------------
       0C:  00E4  A$pwmint$1328                    
       0C:  00E4  C$pwmint.c$109$1$1               
       0C:  00E5  A$pwmint$1329                    
       0C:  00E7  A$pwmint$1330                    
       0C:  00E9  A$pwmint$1334                    
       0C:  00E9  C$pwmint.c$27$1$1                
       0C:  00EC  A$pwmint$1335                    
       0C:  00EF  A$pwmint$1339                    
       0C:  00EF  C$pwmint.c$28$1$1                
       0C:  00F2  A$pwmint$1340                    
       0C:  00F5  A$pwmint$1344                    
       0C:  00F5  C$pwmint.c$29$1$1                
       0C:  00F8  A$pwmint$1345                    
       0C:  00FB  A$pwmint$1349                    
       0C:  00FB  C$pwmint.c$31$1$1                
       0C:  00FE  A$pwmint$1350                    
       0C:  0101  A$pwmint$1351                    
       0C:  0104  A$pwmint$1352                    
       0C:  0107  A$pwmint$1353                    
       0C:  010A  A$pwmint$1354                    
       0C:  010D  A$pwmint$1358                    
       0C:  010D  C$pwmint.c$32$1$1                
       0C:  0110  A$pwmint$1359                    
       0C:  0113  A$pwmint$1360                    
       0C:  0116  A$pwmint$1361                    
       0C:  0119  A$pwmint$1362                    
       0C:  011C  A$pwmint$1363                    
       0C:  011F  A$pwmint$1364                    
       0C:  0122  A$pwmint$1365                    
       0C:  0125  A$pwmint$1366                    
       0C:  0128  A$pwmint$1367                    
       0C:  012B  A$pwmint$1368                    
       0C:  012E  A$pwmint$1369                    

ASxxxx Linker V02.00 + NoICE + sdld,  page 47.
Hexadecimal

Area                               Addr   Size   Decimal Bytes (Attributes)
--------------------------------   ----   ----   ------- ----- ------------
GSFINAL                            0131   0003 =      3. bytes (REL,CON,CODE)

      Value  Global                              Global Defined In Module
      -----  ---------------------------------   ------------------------
       0C:  0131  A$main$1317                      

ASxxxx Linker V02.00 + NoICE + sdld,  page 48.
Hexadecimal

Area                               Addr   Size   Decimal Bytes (Attributes)
--------------------------------   ----   ----   ------- ----- ------------
CSEG                               0134   11FF =   4607. bytes (REL,CON,CODE)

      Value  Global                              Global Defined In Module
      -----  ---------------------------------   ------------------------
       0C:  0134  A$main$1362                      
       0C:  0134  C$main.c$22$0$0                  
       0C:  0134  C$main.c$27$1$0                  
       0C:  0134  G$main$0$0                       
       0C:  0134  _main                            
       0C:  0137  A$main$1365                      
       0C:  0137  C$main.c$33$1$1                  
       0C:  013A  A$main$1368                      
       0C:  013A  C$main.c$34$1$1                  
       0C:  013D  A$main$1371                      
       0C:  013D  C$main.c$36$1$1                  
       0C:  0140  A$main$1374                      
       0C:  0140  C$main.c$37$1$1                  
       0C:  0143  A$main$1377                      
       0C:  0143  C$main.c$38$1$1                  
       0C:  0146  A$main$1378                      
       0C:  0149  A$main$1379                      
       0C:  014A  A$main$1380                      
       0C:  014C  A$main$1381                      
       0C:  014E  A$main$1382                      
       0C:  0151  A$main$1383                      
       0C:  0154  A$main$1384                      
       0C:  0156  A$main$1385                      
       0C:  0159  A$main$1388                      
       0C:  0159  C$main.c$41$1$1                  
       0C:  015C  A$main$1389                      
       0C:  015D  A$main$1390                      
       0C:  015F  A$main$1391                      
       0C:  0161  A$main$1392                      
       0C:  0163  A$main$1393                      
       0C:  0166  A$main$1394                      
       0C:  0169  A$main$1395                      
       0C:  016B  A$main$1396                      
       0C:  016E  A$main$1399                      
       0C:  016E  C$main.c$44$1$1                  
       0C:  0171  A$main$1400                      
       0C:  0174  A$main$1401                      
       0C:  0177  A$main$1402                      
       0C:  017A  A$main$1403                      
       0C:  017D  A$main$1404                      
       0C:  0180  A$main$1405                      
       0C:  0182  A$main$1406                      
       0C:  0185  A$main$1409                      
       0C:  0185  C$main.c$46$1$1                  
       0C:  0188  A$main$1410                      
       0C:  0189  A$main$1411                      
       0C:  018B  A$main$1412                      
       0C:  018E  A$main$1415                      
       0C:  018E  C$main.c$50$1$1                  
       0C:  0190  A$main$1418                      
ASxxxx Linker V02.00 + NoICE + sdld,  page 49.
Hexadecimal

Area                               Addr   Size   Decimal Bytes (Attributes)
--------------------------------   ----   ----   ------- ----- ------------
CSEG                               0134   11FF =   4607. bytes (REL,CON,CODE)

      Value  Global                              Global Defined In Module
      -----  ---------------------------------   ------------------------
       0C:  0190  C$main.c$52$1$1                  
       0C:  0193  A$main$1421                      
       0C:  0193  C$main.c$53$1$1                  
       0C:  0195  A$main$1425                      
       0C:  0195  C$main.c$56$2$2                  
       0C:  0197  A$main$1426                      
       0C:  019A  A$main$1427                      
       0C:  019C  A$main$1428                      
       0C:  019E  A$main$1429                      
       0C:  01A0  A$main$1432                      
       0C:  01A0  C$main.c$60$3$3                  
       0C:  01A2  A$main$1433                      
       0C:  01A4  A$main$1437                      
       0C:  01A4  C$main.c$62$3$4                  
       0C:  01A6  A$main$1441                      
       0C:  01A6  C$main.c$67$2$2                  
       0C:  01A8  A$main$1442                      
       0C:  01AB  A$main$1443                      
       0C:  01AD  A$main$1444                      
       0C:  01AF  A$main$1445                      
       0C:  01B1  A$main$1448                      
       0C:  01B1  C$main.c$68$2$2                  
       0C:  01B3  A$main$1449                      
       0C:  01B6  A$main$1452                      
       0C:  01B6  C$main.c$70$2$2                  
       0C:  01B8  A$main$1453                      
       0C:  01BA  A$main$1454                      
       0C:  01BC  A$main$1455                      
       0C:  01BD  A$main$1456                      
       0C:  01BE  A$main$1457                      
       0C:  01C0  A$main$1458                      
       0C:  01C1  A$main$1459                      
       0C:  01C4  A$main$1460                      
       0C:  01C6  A$main$1461                      
       0C:  01C8  A$main$1462                      
       0C:  01CB  A$main$1463                      
       0C:  01CD  A$main$1464                      
       0C:  01CF  A$main$1465                      
       0C:  01D1  A$main$1466                      
       0C:  01D3  A$main$1467                      
       0C:  01D6  A$main$1468                      
       0C:  01D9  A$main$1469                      
       0C:  01DC  A$main$1470                      
       0C:  01DD  A$main$1471                      
       0C:  01DF  A$main$1472                      
       0C:  01E2  A$main$1473                      
       0C:  01E4  A$main$1474                      
       0C:  01E6  A$main$1475                      
       0C:  01E8  A$main$1476                      
       0C:  01E9  A$main$1477                      
       0C:  01EC  A$main$1478                      
ASxxxx Linker V02.00 + NoICE + sdld,  page 50.
Hexadecimal

Area                               Addr   Size   Decimal Bytes (Attributes)
--------------------------------   ----   ----   ------- ----- ------------
CSEG                               0134   11FF =   4607. bytes (REL,CON,CODE)

      Value  Global                              Global Defined In Module
      -----  ---------------------------------   ------------------------
       0C:  01EF  A$main$1479                      
       0C:  01F0  A$main$1480                      
       0C:  01F2  A$main$1481                      
       0C:  01F4  A$main$1482                      
       0C:  01F6  A$main$1483                      
       0C:  01F8  A$main$1484                      
       0C:  01FA  A$main$1485                      
       0C:  01FB  A$main$1486                      
       0C:  01FE  A$main$1487                      
       0C:  0200  A$main$1488                      
       0C:  0202  A$main$1489                      
       0C:  0204  A$main$1490                      
       0C:  0205  A$main$1491                      
       0C:  0207  A$main$1492                      
       0C:  0209  A$main$1493                      
       0C:  020B  A$main$1494                      
       0C:  020D  A$main$1495                      
       0C:  020F  A$main$1496                      
       0C:  0210  A$main$1497                      
       0C:  0211  A$main$1498                      
       0C:  0212  A$main$1499                      
       0C:  0213  A$main$1500                      
       0C:  0214  A$main$1503                      
       0C:  0214  C$main.c$71$2$2                  
       0C:  0217  A$main$1506                      
       0C:  0217  C$main.c$72$2$2                  
       0C:  0219  A$main$1509                      
       0C:  0219  C$main.c$79$2$2                  
       0C:  021B  A$main$1510                      
       0C:  021E  A$main$1513                      
       0C:  021E  C$main.c$81$3$5                  
       0C:  0221  A$main$1517                      
[...]
       0C:  099F  A$pwmint$1772                    
       0C:  09A1  A$pwmint$1773                    
       0C:  09A3  A$pwmint$1774                    
       0C:  09A5  A$pwmint$1775                    
       0C:  09A7  A$pwmint$1776                    
       0C:  09A9  A$pwmint$1777                    
       0C:  09AB  A$pwmint$1779                    
       0C:  09AD  A$pwmint$1783                    
       0C:  09AD  C$pwmint.c$120$1$1               
       0C:  09AF  A$pwmint$1784                    
       0C:  09B2  A$pwmint$1785                    
       0C:  09B3  A$pwmint$1786                    
       0C:  09B5  A$pwmint$1787                    
       0C:  09B7  A$pwmint$1788                    
       0C:  09B9  A$pwmint$1789                    
       0C:  09BB  A$pwmint$1790                    
       0C:  09BD  A$pwmint$1791                    
       0C:  09BF  A$pwmint$1792                    
       0C:  09C1  A$pwmint$1794                    
       0C:  09C3  A$pwmint$1798                    
       0C:  09C3  C$pwmint.c$121$1$1               
       0C:  09C5  A$pwmint$1799                    
       0C:  09C8  A$pwmint$1800                    
       0C:  09C9  A$pwmint$1801                    
       0C:  09CB  A$pwmint$1802                    
       0C:  09CD  A$pwmint$1803                    
       0C:  09CF  A$pwmint$1804                    
       0C:  09D1  A$pwmint$1805                    
       0C:  09D3  A$pwmint$1806                    
       0C:  09D5  A$pwmint$1807                    
       0C:  09D7  A$pwmint$1809                    
       0C:  09D9  A$pwmint$1811                    
       0C:  09DB  A$pwmint$1812                    
       0C:  09DD  A$pwmint$1815                    
       0C:  09DD  C$pwmint.c$124$1$1               
       0C:  09DD  XG$Timer4_PWM_ISR$0$0            
       0C:  09DE  A$bu_uart$1282                   
       0C:  09DE  C$bu_uart.c$14$0$0               
       0C:  09DE  G$UART_Init$0$0                  
       0C:  09DE  _UART_Init                       
       0C:  09E1  A$bu_uart$1283                   
       0C:  09E4  A$bu_uart$1284                   
       0C:  09E7  A$bu_uart$1285                   
       0C:  09E9  A$bu_uart$1288                   
       0C:  09E9  C$bu_uart.c$16$1$0               
       0C:  09EC  A$bu_uart$1291                   
       0C:  09EC  C$bu_uart.c$17$1$1               
       0C:  09EF  A$bu_uart$1292                   
       0C:  09F2  A$bu_uart$1293                   
ASxxxx Linker V02.00 + NoICE + sdld,  page 76.
Hexadecimal

Area                               Addr   Size   Decimal Bytes (Attributes)
--------------------------------   ----   ----   ------- ----- ------------
CSEG                               0134   11FF =   4607. bytes (REL,CON,CODE)

      Value  Global                              Global Defined In Module
      -----  ---------------------------------   ------------------------
       0C:  09F5  A$bu_uart$1294                   
       0C:  09F8  A$bu_uart$1295                   
       0C:  09FB  A$bu_uart$1296                   
       0C:  09FE  A$bu_uart$1297                   
       0C:  0A01  A$bu_uart$1298                   
       0C:  0A03  A$bu_uart$1299                   
       0C:  0A06  A$bu_uart$1300                   
       0C:  0A08  A$bu_uart$1301                   
       0C:  0A0A  A$bu_uart$1302                   
       0C:  0A0C  A$bu_uart$1303                   
       0C:  0A0D  A$bu_uart$1306                   
       0C:  0A0D  C$bu_uart.c$19$1$1               
       0C:  0A10  A$bu_uart$1309                   
       0C:  0A10  C$bu_uart.c$20$1$1               
       0C:  0A13  A$bu_uart$1312                   
       0C:  0A13  C$bu_uart.c$22$1$1               
       0C:  0A16  A$bu_uart$1315                   
       0C:  0A16  C$bu_uart.c$23$1$1               
       0C:  0A19  A$bu_uart$1318                   
       0C:  0A19  C$bu_uart.c$24$1$1               
       0C:  0A1C  A$bu_uart$1321                   
       0C:  0A1C  C$bu_uart.c$34$1$1               
       0C:  0A1D  A$bu_uart$1322                   
       0C:  0A1F  A$bu_uart$1323                   
       0C:  0A20  A$bu_uart$1324                   
       0C:  0A21  A$bu_uart$1325                   
       0C:  0A22  A$bu_uart$1326                   
       0C:  0A23  A$bu_uart$1327                   
       0C:  0A24  A$bu_uart$1328                   
       0C:  0A25  A$bu_uart$1329                   
       0C:  0A26  A$bu_uart$1330                   
       0C:  0A27  A$bu_uart$1331                   
       0C:  0A28  A$bu_uart$1332                   
       0C:  0A29  A$bu_uart$1333                   
       0C:  0A2B  A$bu_uart$1334                   
       0C:  0A2C  A$bu_uart$1335                   
       0C:  0A2E  A$bu_uart$1336                   
       0C:  0A2F  A$bu_uart$1337                   
       0C:  0A31  A$bu_uart$1338                   
       0C:  0A32  A$bu_uart$1339                   
       0C:  0A34  A$bu_uart$1340                   
       0C:  0A36  A$bu_uart$1343                   
       0C:  0A36  C$bu_uart.c$36$2$2               
       0C:  0A37  A$bu_uart$1344                   
       0C:  0A38  A$bu_uart$1345                   
       0C:  0A39  A$bu_uart$1346                   
       0C:  0A3A  A$bu_uart$1347                   
       0C:  0A3B  A$bu_uart$1348                   
       0C:  0A3C  A$bu_uart$1349                   
       0C:  0A3D  A$bu_uart$1350                   
       0C:  0A3E  A$bu_uart$1351                   
ASxxxx Linker V02.00 + NoICE + sdld,  page 77.
Hexadecimal

Area                               Addr   Size   Decimal Bytes (Attributes)
--------------------------------   ----   ----   ------- ----- ------------
CSEG                               0134   11FF =   4607. bytes (REL,CON,CODE)

      Value  Global                              Global Defined In Module
      -----  ---------------------------------   ------------------------
       0C:  0A3F  A$bu_uart$1352                   
       0C:  0A40  A$bu_uart$1353                   
       0C:  0A41  A$bu_uart$1354                   
       0C:  0A42  A$bu_uart$1355                   
       0C:  0A43  A$bu_uart$1356                   
       0C:  0A44  A$bu_uart$1357                   
       0C:  0A45  A$bu_uart$1358                   
       0C:  0A46  A$bu_uart$1359                   
       0C:  0A48  A$bu_uart$1362                   
       0C:  0A48  C$bu_uart.c$37$2$2               
       0C:  0A4B  A$bu_uart$1363                   
       0C:  0A4E  A$bu_uart$1367                   
       0C:  0A4E  C$bu_uart.c$45$2$3               
       0C:  0A4F  A$bu_uart$1368                   
       0C:  0A52  A$bu_uart$1369                   
       0C:  0A54  A$bu_uart$1370                   
       0C:  0A57  A$bu_uart$1371                   
       0C:  0A59  A$bu_uart$1372                   
       0C:  0A5C  A$bu_uart$1373                   
       0C:  0A5D  A$bu_uart$1374                   
       0C:  0A60  A$bu_uart$1375                   
       0C:  0A62  A$bu_uart$1377                   
       0C:  0A64  A$bu_uart$1379                   
       0C:  0A66  A$bu_uart$1380                   
       0C:  0A69  A$bu_uart$1381                   
       0C:  0A6B  A$bu_uart$1382                   
       0C:  0A6E  A$bu_uart$1383                   
       0C:  0A70  A$bu_uart$1384                   
       0C:  0A73  A$bu_uart$1385                   
       0C:  0A75  A$bu_uart$1386                   
       0C:  0A78  A$bu_uart$1389                   
       0C:  0A78  C$bu_uart.c$46$1$1               
       0C:  0A7B  A$bu_uart$1390                   
       0C:  0A7C  A$bu_uart$1391                   
       0C:  0A7E  A$bu_uart$1392                   
       0C:  0A80  A$bu_uart$1393                   
       0C:  0A82  A$bu_uart$1394                   
       0C:  0A84  A$bu_uart$1395                   
       0C:  0A86  A$bu_uart$1396                   
       0C:  0A88  A$bu_uart$1397                   
       0C:  0A89  A$bu_uart$1398                   
       0C:  0A8C  A$bu_uart$1399                   
       0C:  0A8E  A$bu_uart$1400                   
       0C:  0A90  A$bu_uart$1401                   
       0C:  0A92  A$bu_uart$1402                   
       0C:  0A93  A$bu_uart$1403                   
       0C:  0A94  A$bu_uart$1404                   
       0C:  0A95  A$bu_uart$1405                   
       0C:  0A96  A$bu_uart$1406                   
       0C:  0A97  A$bu_uart$1407                   
       0C:  0A99  A$bu_uart$1408                   
ASxxxx Linker V02.00 + NoICE + sdld,  page 78.
Hexadecimal

Area                               Addr   Size   Decimal Bytes (Attributes)
--------------------------------   ----   ----   ------- ----- ------------
CSEG                               0134   11FF =   4607. bytes (REL,CON,CODE)

      Value  Global                              Global Defined In Module
      -----  ---------------------------------   ------------------------
       0C:  0A9B  A$bu_uart$1412                   
       0C:  0A9B  C$bu_uart.c$48$1$1               
       0C:  0A9E  A$bu_uart$1413                   
       0C:  0A9F  A$bu_uart$1414                   
       0C:  0AA1  A$bu_uart$1415                   
       0C:  0AA3  A$bu_uart$1416                   
       0C:  0AA5  A$bu_uart$1417                   
       0C:  0AA7  A$bu_uart$1418                   
       0C:  0AA9  A$bu_uart$1419                   
       0C:  0AAB  A$bu_uart$1420                   
       0C:  0AAC  A$bu_uart$1421                   
       0C:  0AAF  A$bu_uart$1422                   
       0C:  0AB1  A$bu_uart$1423                   
       0C:  0AB3  A$bu_uart$1424                   
       0C:  0AB5  A$bu_uart$1425                   
       0C:  0AB6  A$bu_uart$1426                   
       0C:  0AB7  A$bu_uart$1427                   
       0C:  0AB8  A$bu_uart$1428                   
       0C:  0AB9  A$bu_uart$1429                   
       0C:  0ABB  A$bu_uart$1433                   
       0C:  0ABB  C$bu_uart.c$51$2$3               
       0C:  0ABE  A$bu_uart$1436                   
       0C:  0ABE  C$bu_uart.c$52$2$3               
       0C:  0AC1  A$bu_uart$1440                   
       0C:  0AC1  C$bu_uart.c$55$1$1               
       0C:  0AC4  A$bu_uart$1443                   
       0C:  0AC4  C$bu_uart.c$56$1$1               
       0C:  0AC6  A$bu_uart$1446                   
       0C:  0AC6  C$bu_uart.c$58$1$1               
       0C:  0AC9  A$bu_uart$1449                   
       0C:  0AC9  C$bu_uart.c$59$1$1               
       0C:  0ACB  A$bu_uart$1452                   
       0C:  0ACB  C$bu_uart.c$61$1$1               
       0C:  0ACE  A$bu_uart$1455                   
       0C:  0ACE  C$bu_uart.c$62$1$1               
       0C:  0ACE  XG$UART_Init$0$0                 
       0C:  0ACF  A$bu_uart$1470                   
       0C:  0ACF  C$bu_uart.c$65$1$1               
       0C:  0ACF  C$bu_uart.c$67$1$1               
       0C:  0ACF  G$UART_Quit$0$0                  
       0C:  0ACF  _UART_Quit                       
       0C:  0AD1  A$bu_uart$1473                   
       0C:  0AD1  C$bu_uart.c$70$1$1               
       0C:  0AD4  A$bu_uart$1476                   
       0C:  0AD4  C$bu_uart.c$71$1$1               
       0C:  0AD6  A$bu_uart$1479                   
       0C:  0AD6  C$bu_uart.c$72$1$1               
       0C:  0AD9  A$bu_uart$1482                   
       0C:  0AD9  C$bu_uart.c$73$1$1               
       0C:  0ADC  A$bu_uart$1485                   
       0C:  0ADC  C$bu_uart.c$76$1$1               
ASxxxx Linker V02.00 + NoICE + sdld,  page 79.
Hexadecimal

Area                               Addr   Size   Decimal Bytes (Attributes)
--------------------------------   ----   ----   ------- ----- ------------
CSEG                               0134   11FF =   4607. bytes (REL,CON,CODE)

      Value  Global                              Global Defined In Module
      -----  ---------------------------------   ------------------------
       0C:  0ADF  A$bu_uart$1488                   
       0C:  0ADF  C$bu_uart.c$77$1$1               
       0C:  0AE2  A$bu_uart$1491                   
       0C:  0AE2  C$bu_uart.c$79$1$1               
       0C:  0AE4  A$bu_uart$1494                   
       0C:  0AE4  C$bu_uart.c$80$1$1               
       0C:  0AE4  XG$UART_Quit$0$0                 
       0C:  0AE5  A$bu_uart$1510                   
       0C:  0AE5  C$bu_uart.c$82$1$1               
       0C:  0AE5  C$bu_uart.c$83$1$1               
       0C:  0AE5  G$ready_getchar$0$0              
       0C:  0AE5  _ready_getchar                   
       0C:  0AE7  A$bu_uart$1513                   
       0C:  0AE7  C$bu_uart.c$85$1$1               
       0C:  0AEA  A$bu_uart$1516                   
       0C:  0AEA  C$bu_uart.c$86$1$1               
       0C:  0AEC  A$bu_uart$1517                   
       0C:  0AED  A$bu_uart$1518                   
       0C:  0AEE  A$bu_uart$1519                   
       0C:  0AF0  A$bu_uart$1522                   
       0C:  0AF0  C$bu_uart.c$87$1$1               
       0C:  0AF2  A$bu_uart$1527                   
       0C:  0AF2  C$bu_uart.c$88$1$1               
       0C:  0AF2  C$bu_uart.c$89$1$1               
       0C:  0AF2  XG$ready_getchar$0$0             
       0C:  0AF3  A$bu_uart$1543                   
       0C:  0AF3  C$bu_uart.c$91$1$1               
       0C:  0AF3  C$bu_uart.c$92$1$1               
       0C:  0AF3  G$ready_putchar$0$0              
       0C:  0AF3  _ready_putchar                   
       0C:  0AF5  A$bu_uart$1546                   
       0C:  0AF5  C$bu_uart.c$94$1$1               
       0C:  0AF8  A$bu_uart$1549                   
       0C:  0AF8  C$bu_uart.c$95$1$1               
       0C:  0AFA  A$bu_uart$1550                   
       0C:  0AFB  A$bu_uart$1551                   
       0C:  0AFC  A$bu_uart$1552                   
       0C:  0AFE  A$bu_uart$1555                   
       0C:  0AFE  C$bu_uart.c$96$1$1               
       0C:  0B00  A$bu_uart$1560                   
       0C:  0B00  C$bu_uart.c$97$1$1               
       0C:  0B00  C$bu_uart.c$98$1$1               
       0C:  0B00  XG$ready_putchar$0$0             
       0C:  0B01  A$bu_uart$1576                   
       0C:  0B01  C$bu_uart.c$103$1$1              
       0C:  0B01  C$bu_uart.c$104$1$1              
       0C:  0B01  G$getchar$0$0                    
       0C:  0B01  _getchar                         
       0C:  0B03  A$bu_uart$1579                   
       0C:  0B03  C$bu_uart.c$106$1$1              
       0C:  0B06  A$bu_uart$1583                   
ASxxxx Linker V02.00 + NoICE + sdld,  page 80.
Hexadecimal

Area                               Addr   Size   Decimal Bytes (Attributes)
--------------------------------   ----   ----   ------- ----- ------------
CSEG                               0134   11FF =   4607. bytes (REL,CON,CODE)

      Value  Global                              Global Defined In Module
      -----  ---------------------------------   ------------------------
       0C:  0B06  C$bu_uart.c$107$1$1              
       0C:  0B09  A$bu_uart$1586                   
       0C:  0B09  C$bu_uart.c$108$1$1              
       0C:  0B0C  A$bu_uart$1589                   
       0C:  0B0C  C$bu_uart.c$109$1$1              
       0C:  0B0E  A$bu_uart$1592                   
       0C:  0B0E  C$bu_uart.c$110$1$1              
       0C:  0B10  A$bu_uart$1597                   
       0C:  0B10  C$bu_uart.c$111$1$1              
       0C:  0B10  C$bu_uart.c$112$1$1              
       0C:  0B10  XG$getchar$0$0                   
       0C:  0B11  A$bu_uart$1611                   
       0C:  0B11  C$bu_uart.c$114$1$1              
       0C:  0B11  G$putchar$0$0                    
       0C:  0B11  _putchar                         
       0C:  0B13  A$bu_uart$1614                   
       0C:  0B13  C$bu_uart.c$115$1$1              
       0C:  0B15  A$bu_uart$1617                   
       0C:  0B15  C$bu_uart.c$116$1$1              
       0C:  0B18  A$bu_uart$1623                   
       0C:  0B18  C$bu_uart.c$117$1$1              
       0C:  0B18  C$bu_uart.c$118$1$1              
       0C:  0B1B  A$bu_uart$1624                   
       0C:  0B1D  A$bu_uart$1628                   
       0C:  0B1D  C$bu_uart.c$119$1$1              
       0C:  0B1F  A$bu_uart$1631                   
       0C:  0B1F  C$bu_uart.c$120$1$1              
       0C:  0B21  A$bu_uart$1634                   
       0C:  0B21  C$bu_uart.c$121$1$1              
       0C:  0B21  XG$putchar$0$0                   
       0C:  0B22  __divuint                        
       0C:  0B4B  __divulong                       
       0C:  0BB0  __gptrput                        
       0C:  0BC9  __mullong                        
       0C:  0BC9  __mullong_dummy                  
       0C:  0C37  __divslong                       
       0C:  0CE2  _vsprintf                        
       0C:  0D1F  _sprintf                         
       0C:  0E07  __print_format                   
       0C:  12FB  _strlen                          
       0C:  1313  __gptrget                        
       0C:  132F  __sdcc_external_startup          

ASxxxx Linker V02.00 + NoICE + sdld,  page 81.
Hexadecimal

Area                               Addr   Size   Decimal Bytes (Attributes)
--------------------------------   ----   ----   ------- ----- ------------
CONST                              1333   0055 =     85. bytes (REL,CON,CODE)

      Value  Global                              Global Defined In Module
      -----  ---------------------------------   ------------------------
       0C:  1333  Fmain$_str_0$0$0                 

ASxxxx Linker V02.00 + NoICE + sdld,  page 82.
Hexadecimal

Area                               Addr   Size   Decimal Bytes (Attributes)
--------------------------------   ----   ----   ------- ----- ------------
XINIT                              1388   0001 =      1. bytes (REL,CON,CODE)

      Value  Global                              Global Defined In Module
      -----  ---------------------------------   ------------------------
       0C:  1388  Fadc0ctrl8$__xinit_timing$0$0    

ASxxxx Linker V02.00 + NoICE + sdld,  page 83.

Files Linked                              [ module(s) ]

C:\Users\anle\Downloads\E42_CTRL_FRAMEWO  [ 
C:\Users\anle\Downloads\E42_CTRL_FRAMEWO  [ 
C:\Users\anle\Downloads\E42_CTRL_FRAMEWO  [ 
C:\Users\anle\Downloads\E42_CTRL_FRAMEWO  [ 
C:\Users\anle\Downloads\E42_CTRL_FRAMEWO  [ 
C:\Users\anle\Downloads\E42_CTRL_FRAMEWO  [ 


Libraries Linked                          [ object file ]

c:\Program Files (x86)\SDCC.300\bin\..\l  [ _divuint.rel ]
c:\Program Files (x86)\SDCC.300\bin\..\l  [ _divulong.rel ]
c:\Program Files (x86)\SDCC.300\bin\..\l  [ crtclear.rel ]
c:\Program Files (x86)\SDCC.300\bin\..\l  [ crtxinit.rel ]
c:\Program Files (x86)\SDCC.300\bin\..\l  [ _gptrput.rel ]
c:\Program Files (x86)\SDCC.300\bin\..\l  [ _mullong.rel ]
c:\Program Files (x86)\SDCC.300\bin\..\l  [ crtxclear.rel ]
c:\Program Files (x86)\SDCC.300\bin\..\l  [ _divslong.rel ]
c:\Program Files (x86)\SDCC.300\bin\..\l  [ sprintf.rel ]
c:\Program Files (x86)\SDCC.300\bin\..\l  [ _bp.rel ]
c:\Program Files (x86)\SDCC.300\bin\..\l  [ /0               ]
c:\Program Files (x86)\SDCC.300\bin\..\l  [ _strlen.rel ]
c:\Program Files (x86)\SDCC.300\bin\..\l  [ crtstart.rel ]
c:\Program Files (x86)\SDCC.300\bin\..\l  [ _gptrget.rel ]
c:\Program Files (x86)\SDCC.300\bin\..\l  [ _startup.rel ]

ASxxxx Linker V02.00 + NoICE + sdld,  page 84.

User Base Address Definitions

HOME = 0x0000
ISEG = 0x0000
BSEG = 0x0000

